Archive member included to satisfy reference by file (symbol)

c:/st/stm32cubeide_1.4.0/stm32cubeide/plugins/com.st.stm32cube.ide.mcu.externaltools.gnu-tools-for-stm32.9-2020-q2-update.win32_1.5.0.202011040924/tools/bin/../lib/gcc/arm-none-eabi/9.3.1/../../../../arm-none-eabi/lib/thumb/v7e-m+fp/hard\libc_nano.a(lib_a-atoi.o)
                              USB_DEVICE/App/usbd_cdc_if.o (atoi)
c:/st/stm32cubeide_1.4.0/stm32cubeide/plugins/com.st.stm32cube.ide.mcu.externaltools.gnu-tools-for-stm32.9-2020-q2-update.win32_1.5.0.202011040924/tools/bin/../lib/gcc/arm-none-eabi/9.3.1/../../../../arm-none-eabi/lib/thumb/v7e-m+fp/hard\libc_nano.a(lib_a-errno.o)
                              Core/Src/syscalls.o (__errno)
c:/st/stm32cubeide_1.4.0/stm32cubeide/plugins/com.st.stm32cube.ide.mcu.externaltools.gnu-tools-for-stm32.9-2020-q2-update.win32_1.5.0.202011040924/tools/bin/../lib/gcc/arm-none-eabi/9.3.1/../../../../arm-none-eabi/lib/thumb/v7e-m+fp/hard\libc_nano.a(lib_a-exit.o)
                              c:/st/stm32cubeide_1.4.0/stm32cubeide/plugins/com.st.stm32cube.ide.mcu.externaltools.gnu-tools-for-stm32.9-2020-q2-update.win32_1.5.0.202011040924/tools/bin/../lib/gcc/arm-none-eabi/9.3.1/../../../../arm-none-eabi/lib/thumb/v7e-m+fp/hard/crt0.o (exit)
c:/st/stm32cubeide_1.4.0/stm32cubeide/plugins/com.st.stm32cube.ide.mcu.externaltools.gnu-tools-for-stm32.9-2020-q2-update.win32_1.5.0.202011040924/tools/bin/../lib/gcc/arm-none-eabi/9.3.1/../../../../arm-none-eabi/lib/thumb/v7e-m+fp/hard\libc_nano.a(lib_a-impure.o)
                              c:/st/stm32cubeide_1.4.0/stm32cubeide/plugins/com.st.stm32cube.ide.mcu.externaltools.gnu-tools-for-stm32.9-2020-q2-update.win32_1.5.0.202011040924/tools/bin/../lib/gcc/arm-none-eabi/9.3.1/../../../../arm-none-eabi/lib/thumb/v7e-m+fp/hard\libc_nano.a(lib_a-exit.o) (_global_impure_ptr)
c:/st/stm32cubeide_1.4.0/stm32cubeide/plugins/com.st.stm32cube.ide.mcu.externaltools.gnu-tools-for-stm32.9-2020-q2-update.win32_1.5.0.202011040924/tools/bin/../lib/gcc/arm-none-eabi/9.3.1/../../../../arm-none-eabi/lib/thumb/v7e-m+fp/hard\libc_nano.a(lib_a-init.o)
                              c:/st/stm32cubeide_1.4.0/stm32cubeide/plugins/com.st.stm32cube.ide.mcu.externaltools.gnu-tools-for-stm32.9-2020-q2-update.win32_1.5.0.202011040924/tools/bin/../lib/gcc/arm-none-eabi/9.3.1/../../../../arm-none-eabi/lib/thumb/v7e-m+fp/hard/crt0.o (__libc_init_array)
c:/st/stm32cubeide_1.4.0/stm32cubeide/plugins/com.st.stm32cube.ide.mcu.externaltools.gnu-tools-for-stm32.9-2020-q2-update.win32_1.5.0.202011040924/tools/bin/../lib/gcc/arm-none-eabi/9.3.1/../../../../arm-none-eabi/lib/thumb/v7e-m+fp/hard\libc_nano.a(lib_a-itoa.o)
                              USB_DEVICE/App/usbd_cdc_if.o (itoa)
c:/st/stm32cubeide_1.4.0/stm32cubeide/plugins/com.st.stm32cube.ide.mcu.externaltools.gnu-tools-for-stm32.9-2020-q2-update.win32_1.5.0.202011040924/tools/bin/../lib/gcc/arm-none-eabi/9.3.1/../../../../arm-none-eabi/lib/thumb/v7e-m+fp/hard\libc_nano.a(lib_a-malloc.o)
                              Core/Src/Apps/DataTansfer.o (malloc)
c:/st/stm32cubeide_1.4.0/stm32cubeide/plugins/com.st.stm32cube.ide.mcu.externaltools.gnu-tools-for-stm32.9-2020-q2-update.win32_1.5.0.202011040924/tools/bin/../lib/gcc/arm-none-eabi/9.3.1/../../../../arm-none-eabi/lib/thumb/v7e-m+fp/hard\libc_nano.a(lib_a-memcpy-stub.o)
                              Core/Src/Apps/DataTansfer.o (memcpy)
c:/st/stm32cubeide_1.4.0/stm32cubeide/plugins/com.st.stm32cube.ide.mcu.externaltools.gnu-tools-for-stm32.9-2020-q2-update.win32_1.5.0.202011040924/tools/bin/../lib/gcc/arm-none-eabi/9.3.1/../../../../arm-none-eabi/lib/thumb/v7e-m+fp/hard\libc_nano.a(lib_a-memset.o)
                              c:/st/stm32cubeide_1.4.0/stm32cubeide/plugins/com.st.stm32cube.ide.mcu.externaltools.gnu-tools-for-stm32.9-2020-q2-update.win32_1.5.0.202011040924/tools/bin/../lib/gcc/arm-none-eabi/9.3.1/../../../../arm-none-eabi/lib/thumb/v7e-m+fp/hard/crt0.o (memset)
c:/st/stm32cubeide_1.4.0/stm32cubeide/plugins/com.st.stm32cube.ide.mcu.externaltools.gnu-tools-for-stm32.9-2020-q2-update.win32_1.5.0.202011040924/tools/bin/../lib/gcc/arm-none-eabi/9.3.1/../../../../arm-none-eabi/lib/thumb/v7e-m+fp/hard\libc_nano.a(lib_a-nano-freer.o)
                              c:/st/stm32cubeide_1.4.0/stm32cubeide/plugins/com.st.stm32cube.ide.mcu.externaltools.gnu-tools-for-stm32.9-2020-q2-update.win32_1.5.0.202011040924/tools/bin/../lib/gcc/arm-none-eabi/9.3.1/../../../../arm-none-eabi/lib/thumb/v7e-m+fp/hard\libc_nano.a(lib_a-malloc.o) (_free_r)
c:/st/stm32cubeide_1.4.0/stm32cubeide/plugins/com.st.stm32cube.ide.mcu.externaltools.gnu-tools-for-stm32.9-2020-q2-update.win32_1.5.0.202011040924/tools/bin/../lib/gcc/arm-none-eabi/9.3.1/../../../../arm-none-eabi/lib/thumb/v7e-m+fp/hard\libc_nano.a(lib_a-nano-mallocr.o)
[...]
Memory Configuration

Name             Origin             Length             Attributes
CCMRAM           0x0000000010000000 0x0000000000010000 xrw
RAM              0x0000000020000000 0x0000000000020000 xrw
FLASH            0x0000000008000000 0x0000000000100000 xr
*default*        0x0000000000000000 0xffffffffffffffff

Linker script and memory map

LOAD c:/st/stm32cubeide_1.4.0/stm32cubeide/plugins/com.st.stm32cube.ide.mcu.externaltools.gnu-tools-for-stm32.9-2020-q2-update.win32_1.5.0.202011040924/tools/bin/../lib/gcc/arm-none-eabi/9.3.1/thumb/v7e-m+fp/hard/crti.o
LOAD c:/st/stm32cubeide_1.4.0/stm32cubeide/plugins/com.st.stm32cube.ide.mcu.externaltools.gnu-tools-for-stm32.9-2020-q2-update.win32_1.5.0.202011040924/tools/bin/../lib/gcc/arm-none-eabi/9.3.1/thumb/v7e-m+fp/hard/crtbegin.o
LOAD c:/st/stm32cubeide_1.4.0/stm32cubeide/plugins/com.st.stm32cube.ide.mcu.externaltools.gnu-tools-for-stm32.9-2020-q2-update.win32_1.5.0.202011040924/tools/bin/../lib/gcc/arm-none-eabi/9.3.1/../../../../arm-none-eabi/lib/thumb/v7e-m+fp/hard/crt0.o
LOAD Core/Src/Apps/DataTansfer.o
LOAD Core/Src/Apps/fp32_FeedForwardNN.o
LOAD Core/Src/Apps/int_FeedForwardNN.o
LOAD Core/Src/Apps/sys_FeedForwardNN.o
LOAD Core/Src/main.o
LOAD Core/Src/stm32f4xx_hal_msp.o
LOAD Core/Src/stm32f4xx_it.o
LOAD Core/Src/syscalls.o
LOAD Core/Src/sysmem.o
LOAD Core/Src/system_stm32f4xx.o
LOAD Core/Startup/startup_stm32f407zgtx.o
LOAD Drivers/STM32F4xx_HAL_Driver/Src/stm32f4xx_hal.o
LOAD Drivers/STM32F4xx_HAL_Driver/Src/stm32f4xx_hal_cortex.o
LOAD Drivers/STM32F4xx_HAL_Driver/Src/stm32f4xx_hal_dma.o
LOAD Drivers/STM32F4xx_HAL_Driver/Src/stm32f4xx_hal_dma_ex.o
LOAD Drivers/STM32F4xx_HAL_Driver/Src/stm32f4xx_hal_exti.o
LOAD Drivers/STM32F4xx_HAL_Driver/Src/stm32f4xx_hal_flash.o
LOAD Drivers/STM32F4xx_HAL_Driver/Src/stm32f4xx_hal_flash_ex.o
LOAD Drivers/STM32F4xx_HAL_Driver/Src/stm32f4xx_hal_flash_ramfunc.o
LOAD Drivers/STM32F4xx_HAL_Driver/Src/stm32f4xx_hal_gpio.o
LOAD Drivers/STM32F4xx_HAL_Driver/Src/stm32f4xx_hal_pcd.o
LOAD Drivers/STM32F4xx_HAL_Driver/Src/stm32f4xx_hal_pcd_ex.o
LOAD Drivers/STM32F4xx_HAL_Driver/Src/stm32f4xx_hal_pwr.o
LOAD Drivers/STM32F4xx_HAL_Driver/Src/stm32f4xx_hal_pwr_ex.o
LOAD Drivers/STM32F4xx_HAL_Driver/Src/stm32f4xx_hal_rcc.o
LOAD Drivers/STM32F4xx_HAL_Driver/Src/stm32f4xx_hal_rcc_ex.o
LOAD Drivers/STM32F4xx_HAL_Driver/Src/stm32f4xx_hal_rtc.o
LOAD Drivers/STM32F4xx_HAL_Driver/Src/stm32f4xx_hal_rtc_ex.o
LOAD Drivers/STM32F4xx_HAL_Driver/Src/stm32f4xx_hal_tim.o
LOAD Drivers/STM32F4xx_HAL_Driver/Src/stm32f4xx_hal_tim_ex.o
LOAD Drivers/STM32F4xx_HAL_Driver/Src/stm32f4xx_ll_usb.o
LOAD Middlewares/ST/STM32_USB_Device_Library/Class/CDC/Src/usbd_cdc.o
LOAD Middlewares/ST/STM32_USB_Device_Library/Core/Src/usbd_core.o
LOAD Middlewares/ST/STM32_USB_Device_Library/Core/Src/usbd_ctlreq.o
LOAD Middlewares/ST/STM32_USB_Device_Library/Core/Src/usbd_ioreq.o
LOAD USB_DEVICE/App/usb_device.o
LOAD USB_DEVICE/App/usbd_cdc_if.o
LOAD USB_DEVICE/App/usbd_desc.o
LOAD USB_DEVICE/Target/usbd_conf.o
START GROUP
LOAD c:/st/stm32cubeide_1.4.0/stm32cubeide/plugins/com.st.stm32cube.ide.mcu.externaltools.gnu-tools-for-stm32.9-2020-q2-update.win32_1.5.0.202011040924/tools/bin/../lib/gcc/arm-none-eabi/9.3.1/../../../../arm-none-eabi/lib/thumb/v7e-m+fp/hard\libc_nano.a
LOAD c:/st/stm32cubeide_1.4.0/stm32cubeide/plugins/com.st.stm32cube.ide.mcu.externaltools.gnu-tools-for-stm32.9-2020-q2-update.win32_1.5.0.202011040924/tools/bin/../lib/gcc/arm-none-eabi/9.3.1/../../../../arm-none-eabi/lib/thumb/v7e-m+fp/hard\libm.a
END GROUP
START GROUP
LOAD c:/st/stm32cubeide_1.4.0/stm32cubeide/plugins/com.st.stm32cube.ide.mcu.externaltools.gnu-tools-for-stm32.9-2020-q2-update.win32_1.5.0.202011040924/tools/bin/../lib/gcc/arm-none-eabi/9.3.1/thumb/v7e-m+fp/hard\libgcc.a
LOAD c:/st/stm32cubeide_1.4.0/stm32cubeide/plugins/com.st.stm32cube.ide.mcu.externaltools.gnu-tools-for-stm32.9-2020-q2-update.win32_1.5.0.202011040924/tools/bin/../lib/gcc/arm-none-eabi/9.3.1/../../../../arm-none-eabi/lib/thumb/v7e-m+fp/hard\libc_nano.a
END GROUP
START GROUP
LOAD c:/st/stm32cubeide_1.4.0/stm32cubeide/plugins/com.st.stm32cube.ide.mcu.externaltools.gnu-tools-for-stm32.9-2020-q2-update.win32_1.5.0.202011040924/tools/bin/../lib/gcc/arm-none-eabi/9.3.1/thumb/v7e-m+fp/hard\libgcc.a
LOAD c:/st/stm32cubeide_1.4.0/stm32cubeide/plugins/com.st.stm32cube.ide.mcu.externaltools.gnu-tools-for-stm32.9-2020-q2-update.win32_1.5.0.202011040924/tools/bin/../lib/gcc/arm-none-eabi/9.3.1/../../../../arm-none-eabi/lib/thumb/v7e-m+fp/hard\libc_nano.a
LOAD c:/st/stm32cubeide_1.4.0/stm32cubeide/plugins/com.st.stm32cube.ide.mcu.externaltools.gnu-tools-for-stm32.9-2020-q2-update.win32_1.5.0.202011040924/tools/bin/../lib/gcc/arm-none-eabi/9.3.1/../../../../arm-none-eabi/lib/thumb/v7e-m+fp/hard\libnosys.a
END GROUP
START GROUP
LOAD c:/st/stm32cubeide_1.4.0/stm32cubeide/plugins/com.st.stm32cube.ide.mcu.externaltools.gnu-tools-for-stm32.9-2020-q2-update.win32_1.5.0.202011040924/tools/bin/../lib/gcc/arm-none-eabi/9.3.1/thumb/v7e-m+fp/hard\libgcc.a
LOAD c:/st/stm32cubeide_1.4.0/stm32cubeide/plugins/com.st.stm32cube.ide.mcu.externaltools.gnu-tools-for-stm32.9-2020-q2-update.win32_1.5.0.202011040924/tools/bin/../lib/gcc/arm-none-eabi/9.3.1/../../../../arm-none-eabi/lib/thumb/v7e-m+fp/hard\libc_nano.a
LOAD c:/st/stm32cubeide_1.4.0/stm32cubeide/plugins/com.st.stm32cube.ide.mcu.externaltools.gnu-tools-for-stm32.9-2020-q2-update.win32_1.5.0.202011040924/tools/bin/../lib/gcc/arm-none-eabi/9.3.1/../../../../arm-none-eabi/lib/thumb/v7e-m+fp/hard\libnosys.a
END GROUP
LOAD c:/st/stm32cubeide_1.4.0/stm32cubeide/plugins/com.st.stm32cube.ide.mcu.externaltools.gnu-tools-for-stm32.9-2020-q2-update.win32_1.5.0.202011040924/tools/bin/../lib/gcc/arm-none-eabi/9.3.1/thumb/v7e-m+fp/hard/crtend.o
LOAD c:/st/stm32cubeide_1.4.0/stm32cubeide/plugins/com.st.stm32cube.ide.mcu.externaltools.gnu-tools-for-stm32.9-2020-q2-update.win32_1.5.0.202011040924/tools/bin/../lib/gcc/arm-none-eabi/9.3.1/thumb/v7e-m+fp/hard/crtn.o
                0x0000000020020000                _estack = (ORIGIN (RAM) + LENGTH (RAM))
                0x0000000000000200                _Min_Heap_Size = 0x200
                0x0000000000000400                _Min_Stack_Size = 0x400

.isr_vector     0x0000000008000000      0x188
                0x0000000008000000                . = ALIGN (0x4)
 *(.isr_vector)
 .isr_vector    0x0000000008000000      0x188 Core/Startup/startup_stm32f407zgtx.o
                0x0000000008000000                g_pfnVectors
                0x0000000008000188                . = ALIGN (0x4)

.text           0x0000000008000188     0xb684
                0x0000000008000188                . = ALIGN (0x4)
 *(.text)
 .text          0x0000000008000188       0x40 c:/st/stm32cubeide_1.4.0/stm32cubeide/plugins/com.st.stm32cube.ide.mcu.externaltools.gnu-tools-for-stm32.9-2020-q2-update.win32_1.5.0.202011040924/tools/bin/../lib/gcc/arm-none-eabi/9.3.1/thumb/v7e-m+fp/hard/crtbegin.o
 .text          0x00000000080001c8       0x10 c:/st/stm32cubeide_1.4.0/stm32cubeide/plugins/com.st.stm32cube.ide.mcu.externaltools.gnu-tools-for-stm32.9-2020-q2-update.win32_1.5.0.202011040924/tools/bin/../lib/gcc/arm-none-eabi/9.3.1/../../../../arm-none-eabi/lib/thumb/v7e-m+fp/hard\libc_nano.a(lib_a-strlen.o)
                0x00000000080001c8                strlen
 .text          0x00000000080001d8      0x378 c:/st/stm32cubeide_1.4.0/stm32cubeide/plugins/com.st.stm32cube.ide.mcu.externaltools.gnu-tools-for-stm32.9-2020-q2-update.win32_1.5.0.202011040924/tools/bin/../lib/gcc/arm-none-eabi/9.3.1/thumb/v7e-m+fp/hard\libgcc.a(_arm_addsubdf3.o)
                0x00000000080001d8                __aeabi_drsub
                0x00000000080001e0                __aeabi_dsub
                0x00000000080001e0                __subdf3
                0x00000000080001e4                __aeabi_dadd
                0x00000000080001e4                __adddf3
                0x000000000800045c                __floatunsidf
                0x000000000800045c                __aeabi_ui2d
                0x000000000800047c                __floatsidf
                0x000000000800047c                __aeabi_i2d
                0x00000000080004a0                __aeabi_f2d
                0x00000000080004a0                __extendsfdf2
                0x00000000080004e4                __floatundidf
                0x00000000080004e4                __aeabi_ul2d
                0x00000000080004f4                __floatdidf
                0x00000000080004f4                __aeabi_l2d
 .text          0x0000000008000550      0x424 c:/st/stm32cubeide_1.4.0/stm32cubeide/plugins/com.st.stm32cube.ide.mcu.externaltools.gnu-tools-for-stm32.9-2020-q2-update.win32_1.5.0.202011040924/tools/bin/../lib/gcc/arm-none-eabi/9.3.1/thumb/v7e-m+fp/hard\libgcc.a(_arm_muldivdf3.o)
                0x0000000008000550                __aeabi_dmul
                0x0000000008000550                __muldf3
                0x00000000080007a4                __divdf3
                0x00000000080007a4                __aeabi_ddiv
 .text          0x0000000008000974      0x110 c:/st/stm32cubeide_1.4.0/stm32cubeide/plugins/com.st.stm32cube.ide.mcu.externaltools.gnu-tools-for-stm32.9-2020-q2-update.win32_1.5.0.202011040924/tools/bin/../lib/gcc/arm-none-eabi/9.3.1/thumb/v7e-m+fp/hard\libgcc.a(_arm_cmpdf2.o)
                0x0000000008000974                __gtdf2
                0x0000000008000974                __gedf2
                0x000000000800097c                __ltdf2
                0x000000000800097c                __ledf2
                0x0000000008000984                __nedf2
                0x0000000008000984                __eqdf2
                0x0000000008000984                __cmpdf2
                0x0000000008000a00                __aeabi_cdrcmple
                0x0000000008000a10                __aeabi_cdcmpeq
                0x0000000008000a10                __aeabi_cdcmple
                0x0000000008000a20                __aeabi_dcmpeq
                0x0000000008000a34                __aeabi_dcmplt
                0x0000000008000a48                __aeabi_dcmple
                0x0000000008000a5c                __aeabi_dcmpge
                0x0000000008000a70                __aeabi_dcmpgt
 .text          0x0000000008000a84       0x50 c:/st/stm32cubeide_1.4.0/stm32cubeide/plugins/com.st.stm32cube.ide.mcu.externaltools.gnu-tools-for-stm32.9-2020-q2-update.win32_1.5.0.202011040924/tools/bin/../lib/gcc/arm-none-eabi/9.3.1/thumb/v7e-m+fp/hard\libgcc.a(_arm_fixdfsi.o)
                0x0000000008000a84                __aeabi_d2iz
                0x0000000008000a84                __fixdfsi
 .text          0x0000000008000ad4       0x40 c:/st/stm32cubeide_1.4.0/stm32cubeide/plugins/com.st.stm32cube.ide.mcu.externaltools.gnu-tools-for-stm32.9-2020-q2-update.win32_1.5.0.202011040924/tools/bin/../lib/gcc/arm-none-eabi/9.3.1/thumb/v7e-m+fp/hard\libgcc.a(_arm_fixunsdfsi.o)
                0x0000000008000ad4                __aeabi_d2uiz
                0x0000000008000ad4                __fixunsdfsi
 .text          0x0000000008000b14      0x21c c:/st/stm32cubeide_1.4.0/stm32cubeide/plugins/com.st.stm32cube.ide.mcu.externaltools.gnu-tools-for-stm32.9-2020-q2-update.win32_1.5.0.202011040924/tools/bin/../lib/gcc/arm-none-eabi/9.3.1/thumb/v7e-m+fp/hard\libgcc.a(_arm_addsubsf3.o)
                0x0000000008000b14                __aeabi_frsub
                0x0000000008000b1c                __subsf3
                0x0000000008000b1c                __aeabi_fsub
                0x0000000008000b20                __aeabi_fadd
                0x0000000008000b20                __addsf3
                0x0000000008000c80                __aeabi_ui2f
                0x0000000008000c80                __floatunsisf
                0x0000000008000c88                __aeabi_i2f
                0x0000000008000c88                __floatsisf
                0x0000000008000ca4                __aeabi_ul2f
                0x0000000008000ca4                __floatundisf
                0x0000000008000cb4                __aeabi_l2f
                0x0000000008000cb4                __floatdisf
 .text          0x0000000008000d30       0xa0 c:/st/stm32cubeide_1.4.0/stm32cubeide/plugins/com.st.stm32cube.ide.mcu.externaltools.gnu-tools-for-stm32.9-2020-q2-update.win32_1.5.0.202011040924/tools/bin/../lib/gcc/arm-none-eabi/9.3.1/thumb/v7e-m+fp/hard\libgcc.a(_aeabi_ldivmod.o)
                0x0000000008000d30                __aeabi_ldivmod
 .text          0x0000000008000dd0       0x30 c:/st/stm32cubeide_1.4.0/stm32cubeide/plugins/com.st.stm32cube.ide.mcu.externaltools.gnu-tools-for-stm32.9-2020-q2-update.win32_1.5.0.202011040924/tools/bin/../lib/gcc/arm-none-eabi/9.3.1/thumb/v7e-m+fp/hard\libgcc.a(_aeabi_uldivmod.o)
                0x0000000008000dd0                __aeabi_uldivmod
 .text          0x0000000008000e00       0x28 c:/st/stm32cubeide_1.4.0/stm32cubeide/plugins/com.st.stm32cube.ide.mcu.externaltools.gnu-tools-for-stm32.9-2020-q2-update.win32_1.5.0.202011040924/tools/bin/../lib/gcc/arm-none-eabi/9.3.1/thumb/v7e-m+fp/hard\libgcc.a(_fixsfdi.o)
                0x0000000008000e00                __fixsfdi
                0x0000000008000e00                __aeabi_f2lz
 .text          0x0000000008000e28       0x30 c:/st/stm32cubeide_1.4.0/stm32cubeide/plugins/com.st.stm32cube.ide.mcu.externaltools.gnu-tools-for-stm32.9-2020-q2-update.win32_1.5.0.202011040924/tools/bin/../lib/gcc/arm-none-eabi/9.3.1/thumb/v7e-m+fp/hard\libgcc.a(_fixdfdi.o)
                0x0000000008000e28                __fixdfdi
                0x0000000008000e28                __aeabi_d2lz
 .text          0x0000000008000e58       0x40 c:/st/stm32cubeide_1.4.0/stm32cubeide/plugins/com.st.stm32cube.ide.mcu.externaltools.gnu-tools-for-stm32.9-2020-q2-update.win32_1.5.0.202011040924/tools/bin/../lib/gcc/arm-none-eabi/9.3.1/thumb/v7e-m+fp/hard\libgcc.a(_fixunssfdi.o)
                0x0000000008000e58                __fixunssfdi
                0x0000000008000e58                __aeabi_f2ulz
 .text          0x0000000008000e98       0x3c c:/st/stm32cubeide_1.4.0/stm32cubeide/plugins/com.st.stm32cube.ide.mcu.externaltools.gnu-tools-for-stm32.9-2020-q2-update.win32_1.5.0.202011040924/tools/bin/../lib/gcc/arm-none-eabi/9.3.1/thumb/v7e-m+fp/hard\libgcc.a(_fixunsdfdi.o)
                0x0000000008000e98                __fixunsdfdi
                0x0000000008000e98                __aeabi_d2ulz
 .text          0x0000000008000ed4      0x2c4 c:/st/stm32cubeide_1.4.0/stm32cubeide/plugins/com.st.stm32cube.ide.mcu.externaltools.gnu-tools-for-stm32.9-2020-q2-update.win32_1.5.0.202011040924/tools/bin/../lib/gcc/arm-none-eabi/9.3.1/thumb/v7e-m+fp/hard\libgcc.a(_udivmoddi4.o)
                0x0000000008000ed4                __udivmoddi4
 .text          0x0000000008001198        0x4 c:/st/stm32cubeide_1.4.0/stm32cubeide/plugins/com.st.stm32cube.ide.mcu.externaltools.gnu-tools-for-stm32.9-2020-q2-update.win32_1.5.0.202011040924/tools/bin/../lib/gcc/arm-none-eabi/9.3.1/thumb/v7e-m+fp/hard\libgcc.a(_dvmd_tls.o)
                0x0000000008001198                __aeabi_idiv0
                0x0000000008001198                __aeabi_ldiv0
 *(.text*)
 .text.v_LoadFloatModel
                0x000000000800119c       0xb8 Core/Src/Apps/DataTansfer.o
                0x000000000800119c                v_LoadFloatModel
 .text.v_LoadIntModel
                0x0000000008001254      0x2b8 Core/Src/Apps/DataTansfer.o
                0x0000000008001254                v_LoadIntModel
 .text.v_LoadTestDataNum
                0x000000000800150c       0xd8 Core/Src/Apps/DataTansfer.o
                0x000000000800150c                v_LoadTestDataNum
 .text.v_FloatSetParameters
                0x00000000080015e4       0x30 Core/Src/Apps/fp32_FeedForwardNN.o
                0x00000000080015e4                v_FloatSetParameters
 .text.v_float_SetPtr
                0x0000000008001614       0x20 Core/Src/Apps/fp32_FeedForwardNN.o
                0x0000000008001614                v_float_SetPtr
 .text.v_DynamicAllocForwardProp
                0x0000000008001634       0xf4 Core/Src/Apps/fp32_FeedForwardNN.o
                0x0000000008001634                v_DynamicAllocForwardProp
 .text.v_DynamicAlloc_NeuronVar
                0x0000000008001728       0xb0 Core/Src/Apps/fp32_FeedForwardNN.o
                0x0000000008001728                v_DynamicAlloc_NeuronVar
 .text.v_MACForwardProp_FP32
                0x00000000080017d8      0x124 Core/Src/Apps/fp32_FeedForwardNN.o
                0x00000000080017d8                v_MACForwardProp_FP32
 .text.v_ReLUActiv_FP32
                0x00000000080018fc       0xa0 Core/Src/Apps/fp32_FeedForwardNN.o
                0x00000000080018fc                v_ReLUActiv_FP32
 .text.v_LinearActiv_FP32
                0x000000000800199c       0x54 Core/Src/Apps/fp32_FeedForwardNN.o
                0x000000000800199c                v_LinearActiv_FP32
 .text.v_ProcessForwardPropNN_FP32
                0x00000000080019f0      0x114 Core/Src/Apps/fp32_FeedForwardNN.o
                0x00000000080019f0                v_ProcessForwardPropNN_FP32
 .text.v_DynamicAlloc_quant
                0x0000000008001b04      0x1e4 Core/Src/Apps/int_FeedForwardNN.o
                0x0000000008001b04                v_DynamicAlloc_quant
 .text.v_SetQuantNetParameters
                0x0000000008001ce8       0x60 Core/Src/Apps/int_FeedForwardNN.o
                0x0000000008001ce8                v_SetQuantNetParameters
 .text.v_DynamicAllocForwardProp_int
                0x0000000008001d48      0x118 Core/Src/Apps/int_FeedForwardNN.o
                0x0000000008001d48                v_DynamicAllocForwardProp_int
 .text.v_MacForwardProp_int
                0x0000000008001e60      0xb04 Core/Src/Apps/int_FeedForwardNN.o
                0x0000000008001e60                v_MacForwardProp_int
 .text.v_ReLUActiv_int
                0x0000000008002964      0x5bc Core/Src/Apps/int_FeedForwardNN.o
                0x0000000008002964                v_ReLUActiv_int
 .text.v_LinearActiv_int
                0x0000000008002f20      0x3b0 Core/Src/Apps/int_FeedForwardNN.o
                0x0000000008002f20                v_LinearActiv_int
 .text.v_QuantizeIntputs_int
                0x00000000080032d0      0x5e8 Core/Src/Apps/int_FeedForwardNN.o
                0x00000000080032d0                v_QuantizeIntputs_int
 .text.v_ProcessForwardPropNN_int
                0x00000000080038b8      0x3b8 Core/Src/Apps/int_FeedForwardNN.o
                0x00000000080038b8                v_ProcessForwardPropNN_int
 .text.u32_GetIndex
                0x0000000008003c70       0xc0 Core/Src/Apps/sys_FeedForwardNN.o
                0x0000000008003c70                u32_GetIndex
 .text.v_MountByte_4bits
                0x0000000008003d30       0x5c Core/Src/Apps/sys_FeedForwardNN.o
                0x0000000008003d30                v_MountByte_4bits
 .text.v_GetByte_4bits
                0x0000000008003d8c       0x6a Core/Src/Apps/sys_FeedForwardNN.o
                0x0000000008003d8c                v_GetByte_4bits
 *fill*         0x0000000008003df6        0x2 
 .text.main     0x0000000008003df8      0x584 Core/Src/main.o
                0x0000000008003df8                main
 .text.SystemClock_Config
                0x000000000800437c      0x108 Core/Src/main.o
                0x000000000800437c                SystemClock_Config
 .text.MX_RTC_Init
                0x0000000008004484       0x4c Core/Src/main.o
 .text.MX_GPIO_Init
                0x00000000080044d0       0x50 Core/Src/main.o
 .text.Error_Handler
                0x0000000008004520        0xe Core/Src/main.o
                0x0000000008004520                Error_Handler
 *fill*         0x000000000800452e        0x2 
 .text.HAL_MspInit
                0x0000000008004530       0x50 Core/Src/stm32f4xx_hal_msp.o
                0x0000000008004530                HAL_MspInit
 .text.HAL_RTC_MspInit
                0x0000000008004580       0x2c Core/Src/stm32f4xx_hal_msp.o
                0x0000000008004580                HAL_RTC_MspInit
 .text.NMI_Handler
                0x00000000080045ac        0xc Core/Src/stm32f4xx_it.o
                0x00000000080045ac                NMI_Handler
 .text.HardFault_Handler
                0x00000000080045b8        0x6 Core/Src/stm32f4xx_it.o
                0x00000000080045b8                HardFault_Handler
 .text.MemManage_Handler
                0x00000000080045be        0x6 Core/Src/stm32f4xx_it.o
                0x00000000080045be                MemManage_Handler
 .text.BusFault_Handler
                0x00000000080045c4        0x6 Core/Src/stm32f4xx_it.o
                0x00000000080045c4                BusFault_Handler
 .text.UsageFault_Handler
                0x00000000080045ca        0x6 Core/Src/stm32f4xx_it.o
                0x00000000080045ca                UsageFault_Handler
 .text.SVC_Handler
                0x00000000080045d0        0xe Core/Src/stm32f4xx_it.o
                0x00000000080045d0                SVC_Handler
 .text.DebugMon_Handler
                0x00000000080045de        0xe Core/Src/stm32f4xx_it.o
                0x00000000080045de                DebugMon_Handler
 .text.PendSV_Handler
                0x00000000080045ec        0xe Core/Src/stm32f4xx_it.o
                0x00000000080045ec                PendSV_Handler
 .text.SysTick_Handler
                0x00000000080045fa        0xc Core/Src/stm32f4xx_it.o
                0x00000000080045fa                SysTick_Handler
 *fill*         0x0000000008004606        0x2 
 .text.OTG_FS_IRQHandler
                0x0000000008004608       0x14 Core/Src/stm32f4xx_it.o
                0x0000000008004608                OTG_FS_IRQHandler
 .text._sbrk    0x000000000800461c       0x6c Core/Src/sysmem.o
                0x000000000800461c                _sbrk
 .text.SystemInit
                0x0000000008004688       0x2c Core/Src/system_stm32f4xx.o
                0x0000000008004688                SystemInit
 .text.Reset_Handler
                0x00000000080046b4       0x74 Core/Startup/startup_stm32f407zgtx.o
                0x00000000080046b4                Reset_Handler
 .text.Default_Handler
                0x0000000008004728        0x2 Core/Startup/startup_stm32f407zgtx.o
                0x0000000008004728                RTC_Alarm_IRQHandler
                0x0000000008004728                HASH_RNG_IRQHandler
                0x0000000008004728                EXTI2_IRQHandler
                0x0000000008004728                TIM8_CC_IRQHandler
                0x0000000008004728                TIM1_CC_IRQHandler
                0x0000000008004728                DMA2_Stream5_IRQHandler
                0x0000000008004728                DMA1_Stream5_IRQHandler
                0x0000000008004728                PVD_IRQHandler
                0x0000000008004728                SDIO_IRQHandler
                0x0000000008004728                TAMP_STAMP_IRQHandler
                0x0000000008004728                CAN2_RX1_IRQHandler
                0x0000000008004728                EXTI3_IRQHandler
                0x0000000008004728                TIM8_TRG_COM_TIM14_IRQHandler
                0x0000000008004728                TIM1_UP_TIM10_IRQHandler
                0x0000000008004728                TIM8_UP_TIM13_IRQHandler
                0x0000000008004728                I2C3_ER_IRQHandler
                0x0000000008004728                EXTI0_IRQHandler
                0x0000000008004728                I2C2_EV_IRQHandler
                0x0000000008004728                DMA1_Stream2_IRQHandler
                0x0000000008004728                CAN1_RX0_IRQHandler
                0x0000000008004728                FPU_IRQHandler
                0x0000000008004728                OTG_HS_WKUP_IRQHandler
                0x0000000008004728                CAN2_SCE_IRQHandler
                0x0000000008004728                DMA2_Stream2_IRQHandler
                0x0000000008004728                SPI1_IRQHandler
                0x0000000008004728                TIM6_DAC_IRQHandler
                0x0000000008004728                TIM1_BRK_TIM9_IRQHandler
                0x0000000008004728                DCMI_IRQHandler
                0x0000000008004728                CAN2_RX0_IRQHandler
                0x0000000008004728                DMA2_Stream3_IRQHandler
                0x0000000008004728                USART6_IRQHandler
                0x0000000008004728                USART3_IRQHandler
                0x0000000008004728                CAN1_RX1_IRQHandler
                0x0000000008004728                UART5_IRQHandler
                0x0000000008004728                DMA2_Stream0_IRQHandler
                0x0000000008004728                TIM4_IRQHandler
                0x0000000008004728                I2C1_EV_IRQHandler
                0x0000000008004728                DMA1_Stream6_IRQHandler
                0x0000000008004728                DMA1_Stream1_IRQHandler
                0x0000000008004728                UART4_IRQHandler
                0x0000000008004728                TIM3_IRQHandler
                0x0000000008004728                RCC_IRQHandler
                0x0000000008004728                TIM8_BRK_TIM12_IRQHandler
                0x0000000008004728                Default_Handler
                0x0000000008004728                EXTI15_10_IRQHandler
                0x0000000008004728                ADC_IRQHandler
                0x0000000008004728                DMA1_Stream7_IRQHandler
                0x0000000008004728                TIM7_IRQHandler
                0x0000000008004728                CAN2_TX_IRQHandler
                0x0000000008004728                TIM5_IRQHandler
                0x0000000008004728                DMA2_Stream7_IRQHandler
                0x0000000008004728                I2C3_EV_IRQHandler
                0x0000000008004728                EXTI9_5_IRQHandler
                0x0000000008004728                RTC_WKUP_IRQHandler
                0x0000000008004728                ETH_WKUP_IRQHandler
                0x0000000008004728                SPI2_IRQHandler
                0x0000000008004728                OTG_HS_EP1_IN_IRQHandler
                0x0000000008004728                DMA1_Stream0_IRQHandler
                0x0000000008004728                CAN1_TX_IRQHandler
                0x0000000008004728                EXTI4_IRQHandler
                0x0000000008004728                FSMC_IRQHandler
                0x0000000008004728                ETH_IRQHandler
                0x0000000008004728                OTG_HS_EP1_OUT_IRQHandler
                0x0000000008004728                WWDG_IRQHandler
                0x0000000008004728                TIM2_IRQHandler
                0x0000000008004728                OTG_FS_WKUP_IRQHandler
                0x0000000008004728                TIM1_TRG_COM_TIM11_IRQHandler
                0x0000000008004728                OTG_HS_IRQHandler
                0x0000000008004728                EXTI1_IRQHandler
                0x0000000008004728                USART2_IRQHandler
                0x0000000008004728                I2C2_ER_IRQHandler
                0x0000000008004728                DMA2_Stream1_IRQHandler
                0x0000000008004728                CAN1_SCE_IRQHandler
                0x0000000008004728                FLASH_IRQHandler
                0x0000000008004728                DMA2_Stream4_IRQHandler
                0x0000000008004728                USART1_IRQHandler
                0x0000000008004728                SPI3_IRQHandler
                0x0000000008004728                DMA1_Stream4_IRQHandler
                0x0000000008004728                I2C1_ER_IRQHandler
                0x0000000008004728                DMA2_Stream6_IRQHandler
                0x0000000008004728                DMA1_Stream3_IRQHandler
 *fill*         0x000000000800472a        0x2 
 .text.HAL_Init
                0x000000000800472c       0x44 Drivers/STM32F4xx_HAL_Driver/Src/stm32f4xx_hal.o
                0x000000000800472c                HAL_Init
 .text.HAL_InitTick
                0x0000000008004770       0x60 Drivers/STM32F4xx_HAL_Driver/Src/stm32f4xx_hal.o
                0x0000000008004770                HAL_InitTick
 .text.HAL_IncTick
                0x00000000080047d0       0x28 Drivers/STM32F4xx_HAL_Driver/Src/stm32f4xx_hal.o
                0x00000000080047d0                HAL_IncTick
 .text.HAL_GetTick
                0x00000000080047f8       0x18 Drivers/STM32F4xx_HAL_Driver/Src/stm32f4xx_hal.o
                0x00000000080047f8                HAL_GetTick
 .text.HAL_Delay
                0x0000000008004810       0x48 Drivers/STM32F4xx_HAL_Driver/Src/stm32f4xx_hal.o
                0x0000000008004810                HAL_Delay
 .text.__NVIC_SetPriorityGrouping
                0x0000000008004858       0x48 Drivers/STM32F4xx_HAL_Driver/Src/stm32f4xx_hal_cortex.o
 .text.__NVIC_GetPriorityGrouping
                0x00000000080048a0       0x1c Drivers/STM32F4xx_HAL_Driver/Src/stm32f4xx_hal_cortex.o
 .text.__NVIC_EnableIRQ
                0x00000000080048bc       0x3c Drivers/STM32F4xx_HAL_Driver/Src/stm32f4xx_hal_cortex.o
 .text.__NVIC_SetPriority
                0x00000000080048f8       0x54 Drivers/STM32F4xx_HAL_Driver/Src/stm32f4xx_hal_cortex.o
 .text.NVIC_EncodePriority
                0x000000000800494c       0x66 Drivers/STM32F4xx_HAL_Driver/Src/stm32f4xx_hal_cortex.o
 *fill*         0x00000000080049b2        0x2 
 .text.SysTick_Config
                0x00000000080049b4       0x44 Drivers/STM32F4xx_HAL_Driver/Src/stm32f4xx_hal_cortex.o
 .text.HAL_NVIC_SetPriorityGrouping
                0x00000000080049f8       0x16 Drivers/STM32F4xx_HAL_Driver/Src/stm32f4xx_hal_cortex.o
                0x00000000080049f8                HAL_NVIC_SetPriorityGrouping
 .text.HAL_NVIC_SetPriority
                0x0000000008004a0e       0x38 Drivers/STM32F4xx_HAL_Driver/Src/stm32f4xx_hal_cortex.o
                0x0000000008004a0e                HAL_NVIC_SetPriority
 .text.HAL_NVIC_EnableIRQ
                0x0000000008004a46       0x1c Drivers/STM32F4xx_HAL_Driver/Src/stm32f4xx_hal_cortex.o
                0x0000000008004a46                HAL_NVIC_EnableIRQ
 .text.HAL_SYSTICK_Config
                0x0000000008004a62       0x18 Drivers/STM32F4xx_HAL_Driver/Src/stm32f4xx_hal_cortex.o
                0x0000000008004a62                HAL_SYSTICK_Config
 *fill*         0x0000000008004a7a        0x2 
 .text.HAL_FLASH_Program
                0x0000000008004a7c       0xa8 Drivers/STM32F4xx_HAL_Driver/Src/stm32f4xx_hal_flash.o
                0x0000000008004a7c                HAL_FLASH_Program
 .text.HAL_FLASH_Unlock
                0x0000000008004b24       0x44 Drivers/STM32F4xx_HAL_Driver/Src/stm32f4xx_hal_flash.o
                0x0000000008004b24                HAL_FLASH_Unlock
 .text.HAL_FLASH_Lock
                0x0000000008004b68       0x20 Drivers/STM32F4xx_HAL_Driver/Src/stm32f4xx_hal_flash.o
                0x0000000008004b68                HAL_FLASH_Lock
 .text.FLASH_WaitForLastOperation
                0x0000000008004b88       0x80 Drivers/STM32F4xx_HAL_Driver/Src/stm32f4xx_hal_flash.o
                0x0000000008004b88                FLASH_WaitForLastOperation
 .text.FLASH_Program_DoubleWord
                0x0000000008004c08       0x64 Drivers/STM32F4xx_HAL_Driver/Src/stm32f4xx_hal_flash.o
 .text.FLASH_Program_Word
                0x0000000008004c6c       0x44 Drivers/STM32F4xx_HAL_Driver/Src/stm32f4xx_hal_flash.o
 .text.FLASH_Program_HalfWord
                0x0000000008004cb0       0x48 Drivers/STM32F4xx_HAL_Driver/Src/stm32f4xx_hal_flash.o
 .text.FLASH_Program_Byte
                0x0000000008004cf8       0x44 Drivers/STM32F4xx_HAL_Driver/Src/stm32f4xx_hal_flash.o
 .text.FLASH_SetErrorCode
                0x0000000008004d3c       0xac Drivers/STM32F4xx_HAL_Driver/Src/stm32f4xx_hal_flash.o
 .text.HAL_FLASHEx_Erase
                0x0000000008004de8       0xe0 Drivers/STM32F4xx_HAL_Driver/Src/stm32f4xx_hal_flash_ex.o
                0x0000000008004de8                HAL_FLASHEx_Erase
 .text.FLASH_MassErase
                0x0000000008004ec8       0x48 Drivers/STM32F4xx_HAL_Driver/Src/stm32f4xx_hal_flash_ex.o
 .text.FLASH_Erase_Sector
                0x0000000008004f10       0x90 Drivers/STM32F4xx_HAL_Driver/Src/stm32f4xx_hal_flash_ex.o
                0x0000000008004f10                FLASH_Erase_Sector
 .text.FLASH_FlushCaches
                0x0000000008004fa0       0x8c Drivers/STM32F4xx_HAL_Driver/Src/stm32f4xx_hal_flash_ex.o
                0x0000000008004fa0                FLASH_FlushCaches
 .text.HAL_GPIO_Init
                0x000000000800502c      0x338 Drivers/STM32F4xx_HAL_Driver/Src/stm32f4xx_hal_gpio.o
                0x000000000800502c                HAL_GPIO_Init
 .text.HAL_PCD_Init
                0x0000000008005364      0x23a Drivers/STM32F4xx_HAL_Driver/Src/stm32f4xx_hal_pcd.o
                0x0000000008005364                HAL_PCD_Init
 .text.HAL_PCD_Start
                0x000000000800559e       0x66 Drivers/STM32F4xx_HAL_Driver/Src/stm32f4xx_hal_pcd.o
                0x000000000800559e                HAL_PCD_Start
 .text.HAL_PCD_IRQHandler
                0x0000000008005604      0x764 Drivers/STM32F4xx_HAL_Driver/Src/stm32f4xx_hal_pcd.o
                0x0000000008005604                HAL_PCD_IRQHandler
 .text.HAL_PCD_SetAddress
                0x0000000008005d68       0x4a Drivers/STM32F4xx_HAL_Driver/Src/stm32f4xx_hal_pcd.o
                0x0000000008005d68                HAL_PCD_SetAddress
 .text.HAL_PCD_EP_Open
                0x0000000008005db2       0xd0 Drivers/STM32F4xx_HAL_Driver/Src/stm32f4xx_hal_pcd.o
                0x0000000008005db2                HAL_PCD_EP_Open
 .text.HAL_PCD_EP_Close
                0x0000000008005e82       0x94 Drivers/STM32F4xx_HAL_Driver/Src/stm32f4xx_hal_pcd.o
                0x0000000008005e82                HAL_PCD_EP_Close
 .text.HAL_PCD_EP_Receive
                0x0000000008005f16       0x96 Drivers/STM32F4xx_HAL_Driver/Src/stm32f4xx_hal_pcd.o
                0x0000000008005f16                HAL_PCD_EP_Receive
 .text.HAL_PCD_EP_GetRxCount
                0x0000000008005fac       0x30 Drivers/STM32F4xx_HAL_Driver/Src/stm32f4xx_hal_pcd.o
                0x0000000008005fac                HAL_PCD_EP_GetRxCount
 .text.HAL_PCD_EP_Transmit
                0x0000000008005fdc       0x94 Drivers/STM32F4xx_HAL_Driver/Src/stm32f4xx_hal_pcd.o
                0x0000000008005fdc                HAL_PCD_EP_Transmit
 .text.HAL_PCD_EP_SetStall
                0x0000000008006070       0xc8 Drivers/STM32F4xx_HAL_Driver/Src/stm32f4xx_hal_pcd.o
                0x0000000008006070                HAL_PCD_EP_SetStall
 .text.HAL_PCD_EP_ClrStall
                0x0000000008006138       0xac Drivers/STM32F4xx_HAL_Driver/Src/stm32f4xx_hal_pcd.o
                0x0000000008006138                HAL_PCD_EP_ClrStall
 .text.PCD_WriteEmptyTxFifo
                0x00000000080061e4      0x11a Drivers/STM32F4xx_HAL_Driver/Src/stm32f4xx_hal_pcd.o
 *fill*         0x00000000080062fe        0x2 
 .text.PCD_EP_OutXfrComplete_int
                0x0000000008006300      0x218 Drivers/STM32F4xx_HAL_Driver/Src/stm32f4xx_hal_pcd.o
 .text.PCD_EP_OutSetupPacket_int
                0x0000000008006518       0x8c Drivers/STM32F4xx_HAL_Driver/Src/stm32f4xx_hal_pcd.o
 .text.HAL_PCDEx_SetTxFiFo
                0x00000000080065a4       0x8e Drivers/STM32F4xx_HAL_Driver/Src/stm32f4xx_hal_pcd_ex.o
                0x00000000080065a4                HAL_PCDEx_SetTxFiFo
 .text.HAL_PCDEx_SetRxFiFo
                0x0000000008006632       0x22 Drivers/STM32F4xx_HAL_Driver/Src/stm32f4xx_hal_pcd_ex.o
                0x0000000008006632                HAL_PCDEx_SetRxFiFo
 .text.HAL_PCDEx_LPM_Callback
                0x0000000008006654       0x18 Drivers/STM32F4xx_HAL_Driver/Src/stm32f4xx_hal_pcd_ex.o
                0x0000000008006654                HAL_PCDEx_LPM_Callback
 .text.HAL_RCC_OscConfig
                0x000000000800666c      0x4f0 Drivers/STM32F4xx_HAL_Driver/Src/stm32f4xx_hal_rcc.o
                0x000000000800666c                HAL_RCC_OscConfig
 .text.HAL_RCC_ClockConfig
                0x0000000008006b5c      0x1cc Drivers/STM32F4xx_HAL_Driver/Src/stm32f4xx_hal_rcc.o
                0x0000000008006b5c                HAL_RCC_ClockConfig
 .text.HAL_RCC_EnableCSS
                0x0000000008006d28       0x18 Drivers/STM32F4xx_HAL_Driver/Src/stm32f4xx_hal_rcc.o
                0x0000000008006d28                HAL_RCC_EnableCSS
 .text.HAL_RCC_GetSysClockFreq
                0x0000000008006d40      0x1c4 Drivers/STM32F4xx_HAL_Driver/Src/stm32f4xx_hal_rcc.o
                0x0000000008006d40                HAL_RCC_GetSysClockFreq
 .text.HAL_RCC_GetHCLKFreq
                0x0000000008006f04       0x18 Drivers/STM32F4xx_HAL_Driver/Src/stm32f4xx_hal_rcc.o
                0x0000000008006f04                HAL_RCC_GetHCLKFreq
 .text.HAL_RCC_NMI_IRQHandler
                0x0000000008006f1c       0x28 Drivers/STM32F4xx_HAL_Driver/Src/stm32f4xx_hal_rcc.o
                0x0000000008006f1c                HAL_RCC_NMI_IRQHandler
 .text.HAL_RCC_CSSCallback
                0x0000000008006f44        0xe Drivers/STM32F4xx_HAL_Driver/Src/stm32f4xx_hal_rcc.o
                0x0000000008006f44                HAL_RCC_CSSCallback
 *fill*         0x0000000008006f52        0x2 
 .text.HAL_RCCEx_PeriphCLKConfig
                0x0000000008006f54      0x1c4 Drivers/STM32F4xx_HAL_Driver/Src/stm32f4xx_hal_rcc_ex.o
                0x0000000008006f54                HAL_RCCEx_PeriphCLKConfig
 .text.HAL_RTC_Init
                0x0000000008007118      0x122 Drivers/STM32F4xx_HAL_Driver/Src/stm32f4xx_hal_rtc.o
                0x0000000008007118                HAL_RTC_Init
 .text.HAL_RTC_WaitForSynchro
                0x000000000800723a       0x50 Drivers/STM32F4xx_HAL_Driver/Src/stm32f4xx_hal_rtc.o
                0x000000000800723a                HAL_RTC_WaitForSynchro
 .text.RTC_EnterInitMode
                0x000000000800728a       0x58 Drivers/STM32F4xx_HAL_Driver/Src/stm32f4xx_hal_rtc.o
                0x000000000800728a                RTC_EnterInitMode
 .text.USB_CoreInit
                0x00000000080072e2       0xc2 Drivers/STM32F4xx_HAL_Driver/Src/stm32f4xx_ll_usb.o
                0x00000000080072e2                USB_CoreInit
 .text.USB_SetTurnaroundTime
                0x00000000080073a4      0x144 Drivers/STM32F4xx_HAL_Driver/Src/stm32f4xx_ll_usb.o
                0x00000000080073a4                USB_SetTurnaroundTime
 .text.USB_EnableGlobalInt
                0x00000000080074e8       0x22 Drivers/STM32F4xx_HAL_Driver/Src/stm32f4xx_ll_usb.o
                0x00000000080074e8                USB_EnableGlobalInt
 .text.USB_DisableGlobalInt
                0x000000000800750a       0x22 Drivers/STM32F4xx_HAL_Driver/Src/stm32f4xx_ll_usb.o
                0x000000000800750a                USB_DisableGlobalInt
 .text.USB_SetCurrentMode
                0x000000000800752c       0x54 Drivers/STM32F4xx_HAL_Driver/Src/stm32f4xx_ll_usb.o
                0x000000000800752c                USB_SetCurrentMode
 .text.USB_DevInit
                0x0000000008007580      0x2c8 Drivers/STM32F4xx_HAL_Driver/Src/stm32f4xx_ll_usb.o
                0x0000000008007580                USB_DevInit
 .text.USB_FlushTxFifo
                0x0000000008007848       0x4c Drivers/STM32F4xx_HAL_Driver/Src/stm32f4xx_ll_usb.o
                0x0000000008007848                USB_FlushTxFifo
 .text.USB_FlushRxFifo
                0x0000000008007894       0x44 Drivers/STM32F4xx_HAL_Driver/Src/stm32f4xx_ll_usb.o
                0x0000000008007894                USB_FlushRxFifo
 .text.USB_SetDevSpeed
                0x00000000080078d8       0x32 Drivers/STM32F4xx_HAL_Driver/Src/stm32f4xx_ll_usb.o
                0x00000000080078d8                USB_SetDevSpeed
 .text.USB_GetDevSpeed
                0x000000000800790a       0x4a Drivers/STM32F4xx_HAL_Driver/Src/stm32f4xx_ll_usb.o
                0x000000000800790a                USB_GetDevSpeed
 .text.USB_ActivateEndpoint
                0x0000000008007954      0x10e Drivers/STM32F4xx_HAL_Driver/Src/stm32f4xx_ll_usb.o
                0x0000000008007954                USB_ActivateEndpoint
 *fill*         0x0000000008007a62        0x2 
 .text.USB_DeactivateEndpoint
                0x0000000008007a64      0x1b8 Drivers/STM32F4xx_HAL_Driver/Src/stm32f4xx_ll_usb.o
                0x0000000008007a64                USB_DeactivateEndpoint
 .text.USB_EPStartXfer
                0x0000000008007c1c      0x488 Drivers/STM32F4xx_HAL_Driver/Src/stm32f4xx_ll_usb.o
                0x0000000008007c1c                USB_EPStartXfer
 .text.USB_EP0StartXfer
                0x00000000080080a4      0x2a6 Drivers/STM32F4xx_HAL_Driver/Src/stm32f4xx_ll_usb.o
                0x00000000080080a4                USB_EP0StartXfer
 .text.USB_WritePacket
                0x000000000800834a       0x6a Drivers/STM32F4xx_HAL_Driver/Src/stm32f4xx_ll_usb.o
                0x000000000800834a                USB_WritePacket
 .text.USB_ReadPacket
                0x00000000080083b4       0x52 Drivers/STM32F4xx_HAL_Driver/Src/stm32f4xx_ll_usb.o
                0x00000000080083b4                USB_ReadPacket
 .text.USB_EPSetStall
                0x0000000008008406       0xdc Drivers/STM32F4xx_HAL_Driver/Src/stm32f4xx_ll_usb.o
                0x0000000008008406                USB_EPSetStall
 .text.USB_EPClearStall
                0x00000000080084e2       0xcc Drivers/STM32F4xx_HAL_Driver/Src/stm32f4xx_ll_usb.o
                0x00000000080084e2                USB_EPClearStall
 .text.USB_SetDevAddress
                0x00000000080085ae       0x4c Drivers/STM32F4xx_HAL_Driver/Src/stm32f4xx_ll_usb.o
                0x00000000080085ae                USB_SetDevAddress
 .text.USB_DevConnect
                0x00000000080085fa       0x42 Drivers/STM32F4xx_HAL_Driver/Src/stm32f4xx_ll_usb.o
                0x00000000080085fa                USB_DevConnect
 .text.USB_DevDisconnect
                0x000000000800863c       0x42 Drivers/STM32F4xx_HAL_Driver/Src/stm32f4xx_ll_usb.o
                0x000000000800863c                USB_DevDisconnect
 .text.USB_ReadInterrupts
                0x000000000800867e       0x26 Drivers/STM32F4xx_HAL_Driver/Src/stm32f4xx_ll_usb.o
                0x000000000800867e                USB_ReadInterrupts
 .text.USB_ReadDevAllOutEpInterrupt
                0x00000000080086a4       0x34 Drivers/STM32F4xx_HAL_Driver/Src/stm32f4xx_ll_usb.o
                0x00000000080086a4                USB_ReadDevAllOutEpInterrupt
 .text.USB_ReadDevAllInEpInterrupt
                0x00000000080086d8       0x34 Drivers/STM32F4xx_HAL_Driver/Src/stm32f4xx_ll_usb.o
                0x00000000080086d8                USB_ReadDevAllInEpInterrupt
 .text.USB_ReadDevOutEPInterrupt
                0x000000000800870c       0x3c Drivers/STM32F4xx_HAL_Driver/Src/stm32f4xx_ll_usb.o
                0x000000000800870c                USB_ReadDevOutEPInterrupt
 .text.USB_ReadDevInEPInterrupt
                0x0000000008008748       0x5c Drivers/STM32F4xx_HAL_Driver/Src/stm32f4xx_ll_usb.o
                0x0000000008008748                USB_ReadDevInEPInterrupt
 .text.USB_GetMode
                0x00000000080087a4       0x1c Drivers/STM32F4xx_HAL_Driver/Src/stm32f4xx_ll_usb.o
                0x00000000080087a4                USB_GetMode
 .text.USB_ActivateSetup
                0x00000000080087c0       0x46 Drivers/STM32F4xx_HAL_Driver/Src/stm32f4xx_ll_usb.o
                0x00000000080087c0                USB_ActivateSetup
 *fill*         0x0000000008008806        0x2 
 .text.USB_EP0_OutStart
                0x0000000008008808       0xbc Drivers/STM32F4xx_HAL_Driver/Src/stm32f4xx_ll_usb.o
                0x0000000008008808                USB_EP0_OutStart
 .text.USB_CoreReset
                0x00000000080088c4       0x68 Drivers/STM32F4xx_HAL_Driver/Src/stm32f4xx_ll_usb.o
 .text.USBD_CDC_Init
                0x000000000800892c       0xfe Middlewares/ST/STM32_USB_Device_Library/Class/CDC/Src/usbd_cdc.o
 .text.USBD_CDC_DeInit
                0x0000000008008a2a       0x74 Middlewares/ST/STM32_USB_Device_Library/Class/CDC/Src/usbd_cdc.o
 *fill*         0x0000000008008a9e        0x2 
 .text.USBD_CDC_Setup
                0x0000000008008aa0      0x190 Middlewares/ST/STM32_USB_Device_Library/Class/CDC/Src/usbd_cdc.o
 .text.USBD_CDC_DataIn
                0x0000000008008c30       0xca Middlewares/ST/STM32_USB_Device_Library/Class/CDC/Src/usbd_cdc.o
 .text.USBD_CDC_DataOut
                0x0000000008008cfa       0x56 Middlewares/ST/STM32_USB_Device_Library/Class/CDC/Src/usbd_cdc.o
 .text.USBD_CDC_EP0_RxReady
                0x0000000008008d50       0x5a Middlewares/ST/STM32_USB_Device_Library/Class/CDC/Src/usbd_cdc.o
 *fill*         0x0000000008008daa        0x2 
 .text.USBD_CDC_GetFSCfgDesc
                0x0000000008008dac       0x20 Middlewares/ST/STM32_USB_Device_Library/Class/CDC/Src/usbd_cdc.o
 .text.USBD_CDC_GetHSCfgDesc
                0x0000000008008dcc       0x20 Middlewares/ST/STM32_USB_Device_Library/Class/CDC/Src/usbd_cdc.o
 .text.USBD_CDC_GetOtherSpeedCfgDesc
                0x0000000008008dec       0x20 Middlewares/ST/STM32_USB_Device_Library/Class/CDC/Src/usbd_cdc.o
 .text.USBD_CDC_GetDeviceQualifierDescriptor
                0x0000000008008e0c       0x20 Middlewares/ST/STM32_USB_Device_Library/Class/CDC/Src/usbd_cdc.o
                0x0000000008008e0c                USBD_CDC_GetDeviceQualifierDescriptor
 .text.USBD_CDC_RegisterInterface
                0x0000000008008e2c       0x2a Middlewares/ST/STM32_USB_Device_Library/Class/CDC/Src/usbd_cdc.o
                0x0000000008008e2c                USBD_CDC_RegisterInterface
 .text.USBD_CDC_SetTxBuffer
                0x0000000008008e56       0x3c Middlewares/ST/STM32_USB_Device_Library/Class/CDC/Src/usbd_cdc.o
                0x0000000008008e56                USBD_CDC_SetTxBuffer
 .text.USBD_CDC_SetRxBuffer
                0x0000000008008e92       0x32 Middlewares/ST/STM32_USB_Device_Library/Class/CDC/Src/usbd_cdc.o
                0x0000000008008e92                USBD_CDC_SetRxBuffer
 .text.USBD_CDC_TransmitPacket
                0x0000000008008ec4       0x60 Middlewares/ST/STM32_USB_Device_Library/Class/CDC/Src/usbd_cdc.o
                0x0000000008008ec4                USBD_CDC_TransmitPacket
 .text.USBD_CDC_ReceivePacket
                0x0000000008008f24       0x54 Middlewares/ST/STM32_USB_Device_Library/Class/CDC/Src/usbd_cdc.o
                0x0000000008008f24                USBD_CDC_ReceivePacket
 .text.USBD_Init
                0x0000000008008f78       0x60 Middlewares/ST/STM32_USB_Device_Library/Core/Src/usbd_core.o
                0x0000000008008f78                USBD_Init
 .text.USBD_RegisterClass
                0x0000000008008fd8       0x4e Middlewares/ST/STM32_USB_Device_Library/Core/Src/usbd_core.o
                0x0000000008008fd8                USBD_RegisterClass
 .text.USBD_Start
                0x0000000008009026       0x18 Middlewares/ST/STM32_USB_Device_Library/Core/Src/usbd_core.o
                0x0000000008009026                USBD_Start
 .text.USBD_RunTestMode
                0x000000000800903e       0x16 Middlewares/ST/STM32_USB_Device_Library/Core/Src/usbd_core.o
                0x000000000800903e                USBD_RunTestMode
 .text.USBD_SetClassConfig
                0x0000000008009054       0x38 Middlewares/ST/STM32_USB_Device_Library/Core/Src/usbd_core.o
                0x0000000008009054                USBD_SetClassConfig
 .text.USBD_ClrClassConfig
                0x000000000800908c       0x30 Middlewares/ST/STM32_USB_Device_Library/Core/Src/usbd_core.o
                0x000000000800908c                USBD_ClrClassConfig
 .text.USBD_LL_SetupStage
                0x00000000080090bc       0xaa Middlewares/ST/STM32_USB_Device_Library/Core/Src/usbd_core.o
                0x00000000080090bc                USBD_LL_SetupStage
 .text.USBD_LL_DataOutStage
                0x0000000008009166       0xc6 Middlewares/ST/STM32_USB_Device_Library/Core/Src/usbd_core.o
                0x0000000008009166                USBD_LL_DataOutStage
 .text.USBD_LL_DataInStage
                0x000000000800922c      0x12c Middlewares/ST/STM32_USB_Device_Library/Core/Src/usbd_core.o
                0x000000000800922c                USBD_LL_DataInStage
 .text.USBD_LL_Reset
                0x0000000008009358       0x9c Middlewares/ST/STM32_USB_Device_Library/Core/Src/usbd_core.o
                0x0000000008009358                USBD_LL_Reset
 .text.USBD_LL_SetSpeed
                0x00000000080093f4       0x20 Middlewares/ST/STM32_USB_Device_Library/Core/Src/usbd_core.o
                0x00000000080093f4                USBD_LL_SetSpeed
 .text.USBD_LL_Suspend
                0x0000000008009414       0x2c Middlewares/ST/STM32_USB_Device_Library/Core/Src/usbd_core.o
                0x0000000008009414                USBD_LL_Suspend
 .text.USBD_LL_Resume
                0x0000000008009440       0x30 Middlewares/ST/STM32_USB_Device_Library/Core/Src/usbd_core.o
                0x0000000008009440                USBD_LL_Resume
 .text.USBD_LL_SOF
                0x0000000008009470       0x44 Middlewares/ST/STM32_USB_Device_Library/Core/Src/usbd_core.o
                0x0000000008009470                USBD_LL_SOF
 .text.USBD_LL_IsoINIncomplete
                0x00000000080094b4       0x4c Middlewares/ST/STM32_USB_Device_Library/Core/Src/usbd_core.o
                0x00000000080094b4                USBD_LL_IsoINIncomplete
 .text.USBD_LL_IsoOUTIncomplete
                0x0000000008009500       0x4c Middlewares/ST/STM32_USB_Device_Library/Core/Src/usbd_core.o
                0x0000000008009500                USBD_LL_IsoOUTIncomplete
 .text.USBD_LL_DevConnected
                0x000000000800954c       0x16 Middlewares/ST/STM32_USB_Device_Library/Core/Src/usbd_core.o
                0x000000000800954c                USBD_LL_DevConnected
 .text.USBD_LL_DevDisconnected
                0x0000000008009562       0x38 Middlewares/ST/STM32_USB_Device_Library/Core/Src/usbd_core.o
                0x0000000008009562                USBD_LL_DevDisconnected
 .text.SWAPBYTE
                0x000000000800959a       0x3c Middlewares/ST/STM32_USB_Device_Library/Core/Src/usbd_ctlreq.o
 *fill*         0x00000000080095d6        0x2 
 .text.USBD_StdDevReq
                0x00000000080095d8       0xdc Middlewares/ST/STM32_USB_Device_Library/Core/Src/usbd_ctlreq.o
                0x00000000080095d8                USBD_StdDevReq
 .text.USBD_StdItfReq
                0x00000000080096b4       0x92 Middlewares/ST/STM32_USB_Device_Library/Core/Src/usbd_ctlreq.o
                0x00000000080096b4                USBD_StdItfReq
 .text.USBD_StdEPReq
                0x0000000008009746      0x2c4 Middlewares/ST/STM32_USB_Device_Library/Core/Src/usbd_ctlreq.o
                0x0000000008009746                USBD_StdEPReq
 *fill*         0x0000000008009a0a        0x2 
 .text.USBD_GetDescriptor
                0x0000000008009a0c      0x2d4 Middlewares/ST/STM32_USB_Device_Library/Core/Src/usbd_ctlreq.o
 .text.USBD_SetAddress
                0x0000000008009ce0       0x88 Middlewares/ST/STM32_USB_Device_Library/Core/Src/usbd_ctlreq.o
 .text.USBD_SetConfig
                0x0000000008009d68      0x14c Middlewares/ST/STM32_USB_Device_Library/Core/Src/usbd_ctlreq.o
 .text.USBD_GetConfig
                0x0000000008009eb4       0x6c Middlewares/ST/STM32_USB_Device_Library/Core/Src/usbd_ctlreq.o
 .text.USBD_GetStatus
                0x0000000008009f20       0x68 Middlewares/ST/STM32_USB_Device_Library/Core/Src/usbd_ctlreq.o
 .text.USBD_SetFeature
                0x0000000008009f88       0x28 Middlewares/ST/STM32_USB_Device_Library/Core/Src/usbd_ctlreq.o
 .text.USBD_ClrFeature
                0x0000000008009fb0       0x44 Middlewares/ST/STM32_USB_Device_Library/Core/Src/usbd_ctlreq.o
 .text.USBD_ParseSetupRequest
                0x0000000008009ff4       0x74 Middlewares/ST/STM32_USB_Device_Library/Core/Src/usbd_ctlreq.o
                0x0000000008009ff4                USBD_ParseSetupRequest
 .text.USBD_CtlError
                0x000000000800a068       0x22 Middlewares/ST/STM32_USB_Device_Library/Core/Src/usbd_ctlreq.o
                0x000000000800a068                USBD_CtlError
 .text.USBD_GetString
                0x000000000800a08a       0x8c Middlewares/ST/STM32_USB_Device_Library/Core/Src/usbd_ctlreq.o
                0x000000000800a08a                USBD_GetString
 .text.USBD_GetLen
                0x000000000800a116       0x34 Middlewares/ST/STM32_USB_Device_Library/Core/Src/usbd_ctlreq.o
 .text.USBD_CtlSendData
                0x000000000800a14a       0x36 Middlewares/ST/STM32_USB_Device_Library/Core/Src/usbd_ioreq.o
                0x000000000800a14a                USBD_CtlSendData
 .text.USBD_CtlContinueSendData
                0x000000000800a180       0x22 Middlewares/ST/STM32_USB_Device_Library/Core/Src/usbd_ioreq.o
                0x000000000800a180                USBD_CtlContinueSendData
 .text.USBD_CtlPrepareRx
                0x000000000800a1a2       0x3a Middlewares/ST/STM32_USB_Device_Library/Core/Src/usbd_ioreq.o
                0x000000000800a1a2                USBD_CtlPrepareRx
 .text.USBD_CtlContinueRx
                0x000000000800a1dc       0x22 Middlewares/ST/STM32_USB_Device_Library/Core/Src/usbd_ioreq.o
                0x000000000800a1dc                USBD_CtlContinueRx
 .text.USBD_CtlSendStatus
                0x000000000800a1fe       0x26 Middlewares/ST/STM32_USB_Device_Library/Core/Src/usbd_ioreq.o
                0x000000000800a1fe                USBD_CtlSendStatus
 .text.USBD_CtlReceiveStatus
                0x000000000800a224       0x26 Middlewares/ST/STM32_USB_Device_Library/Core/Src/usbd_ioreq.o
                0x000000000800a224                USBD_CtlReceiveStatus
 *fill*         0x000000000800a24a        0x2 
 .text.MX_USB_DEVICE_Init
                0x000000000800a24c       0x60 USB_DEVICE/App/usb_device.o
                0x000000000800a24c                MX_USB_DEVICE_Init
 .text.b_Get_flagrun
                0x000000000800a2ac       0x18 USB_DEVICE/App/usbd_cdc_if.o
                0x000000000800a2ac                b_Get_flagrun
 .text.v_Clear_flagrun
                0x000000000800a2c4       0x18 USB_DEVICE/App/usbd_cdc_if.o
                0x000000000800a2c4                v_Clear_flagrun
 .text.ui_Get_testindex
                0x000000000800a2dc       0x18 USB_DEVICE/App/usbd_cdc_if.o
                0x000000000800a2dc                ui_Get_testindex
 .text.ui_Get_testsize
                0x000000000800a2f4       0x18 USB_DEVICE/App/usbd_cdc_if.o
                0x000000000800a2f4                ui_Get_testsize
 .text.ui_Get_flagmodel
                0x000000000800a30c       0x18 USB_DEVICE/App/usbd_cdc_if.o
                0x000000000800a30c                ui_Get_flagmodel
 .text.CDC_Init_FS
                0x000000000800a324       0x28 USB_DEVICE/App/usbd_cdc_if.o
 .text.CDC_DeInit_FS
                0x000000000800a34c       0x10 USB_DEVICE/App/usbd_cdc_if.o
 .text.CDC_Control_FS
                0x000000000800a35c       0xbc USB_DEVICE/App/usbd_cdc_if.o
 .text.CDC_Receive_FS
                0x000000000800a418      0x51c USB_DEVICE/App/usbd_cdc_if.o
 .text.CDC_Transmit_FS
                0x000000000800a934       0x4c USB_DEVICE/App/usbd_cdc_if.o
                0x000000000800a934                CDC_Transmit_FS
 .text.CDC_TransmitCplt_FS
                0x000000000800a980       0x22 USB_DEVICE/App/usbd_cdc_if.o
 *fill*         0x000000000800a9a2        0x2 
 .text.USBD_FS_DeviceDescriptor
                0x000000000800a9a4       0x24 USB_DEVICE/App/usbd_desc.o
                0x000000000800a9a4                USBD_FS_DeviceDescriptor
 .text.USBD_FS_LangIDStrDescriptor
                0x000000000800a9c8       0x24 USB_DEVICE/App/usbd_desc.o
                0x000000000800a9c8                USBD_FS_LangIDStrDescriptor
 .text.USBD_FS_ProductStrDescriptor
                0x000000000800a9ec       0x3c USB_DEVICE/App/usbd_desc.o
                0x000000000800a9ec                USBD_FS_ProductStrDescriptor
 .text.USBD_FS_ManufacturerStrDescriptor
                0x000000000800aa28       0x28 USB_DEVICE/App/usbd_desc.o
                0x000000000800aa28                USBD_FS_ManufacturerStrDescriptor
 .text.USBD_FS_SerialStrDescriptor
                0x000000000800aa50       0x24 USB_DEVICE/App/usbd_desc.o
                0x000000000800aa50                USBD_FS_SerialStrDescriptor
 .text.USBD_FS_ConfigStrDescriptor
                0x000000000800aa74       0x3c USB_DEVICE/App/usbd_desc.o
                0x000000000800aa74                USBD_FS_ConfigStrDescriptor
 .text.USBD_FS_InterfaceStrDescriptor
                0x000000000800aab0       0x3c USB_DEVICE/App/usbd_desc.o
                0x000000000800aab0                USBD_FS_InterfaceStrDescriptor
 .text.Get_SerialNum
                0x000000000800aaec       0x58 USB_DEVICE/App/usbd_desc.o
 .text.IntToUnicode
                0x000000000800ab44       0x7e USB_DEVICE/App/usbd_desc.o
 *fill*         0x000000000800abc2        0x2 
 .text.HAL_PCD_MspInit
                0x000000000800abc4       0xa8 USB_DEVICE/Target/usbd_conf.o
                0x000000000800abc4                HAL_PCD_MspInit
 .text.HAL_PCD_SetupStageCallback
                0x000000000800ac6c       0x24 USB_DEVICE/Target/usbd_conf.o
                0x000000000800ac6c                HAL_PCD_SetupStageCallback
 .text.HAL_PCD_DataOutStageCallback
                0x000000000800ac90       0x36 USB_DEVICE/Target/usbd_conf.o
                0x000000000800ac90                HAL_PCD_DataOutStageCallback
 .text.HAL_PCD_DataInStageCallback
                0x000000000800acc6       0x34 USB_DEVICE/Target/usbd_conf.o
                0x000000000800acc6                HAL_PCD_DataInStageCallback
 .text.HAL_PCD_SOFCallback
                0x000000000800acfa       0x1c USB_DEVICE/Target/usbd_conf.o
                0x000000000800acfa                HAL_PCD_SOFCallback
 .text.HAL_PCD_ResetCallback
                0x000000000800ad16       0x50 USB_DEVICE/Target/usbd_conf.o
                0x000000000800ad16                HAL_PCD_ResetCallback
 *fill*         0x000000000800ad66        0x2 
 .text.HAL_PCD_SuspendCallback
                0x000000000800ad68       0x4c USB_DEVICE/Target/usbd_conf.o
                0x000000000800ad68                HAL_PCD_SuspendCallback
 .text.HAL_PCD_ResumeCallback
                0x000000000800adb4       0x1c USB_DEVICE/Target/usbd_conf.o
                0x000000000800adb4                HAL_PCD_ResumeCallback
 .text.HAL_PCD_ISOOUTIncompleteCallback
                0x000000000800add0       0x24 USB_DEVICE/Target/usbd_conf.o
                0x000000000800add0                HAL_PCD_ISOOUTIncompleteCallback
 .text.HAL_PCD_ISOINIncompleteCallback
                0x000000000800adf4       0x24 USB_DEVICE/Target/usbd_conf.o
                0x000000000800adf4                HAL_PCD_ISOINIncompleteCallback
 .text.HAL_PCD_ConnectCallback
                0x000000000800ae18       0x1c USB_DEVICE/Target/usbd_conf.o
                0x000000000800ae18                HAL_PCD_ConnectCallback
 .text.HAL_PCD_DisconnectCallback
                0x000000000800ae34       0x1c USB_DEVICE/Target/usbd_conf.o
                0x000000000800ae34                HAL_PCD_DisconnectCallback
 .text.USBD_LL_Init
                0x000000000800ae50       0x98 USB_DEVICE/Target/usbd_conf.o
                0x000000000800ae50                USBD_LL_Init
 .text.USBD_LL_Start
                0x000000000800aee8       0x36 USB_DEVICE/Target/usbd_conf.o
                0x000000000800aee8                USBD_LL_Start
 .text.USBD_LL_OpenEP
                0x000000000800af1e       0x4c USB_DEVICE/Target/usbd_conf.o
                0x000000000800af1e                USBD_LL_OpenEP
 .text.USBD_LL_CloseEP
                0x000000000800af6a       0x3e USB_DEVICE/Target/usbd_conf.o
                0x000000000800af6a                USBD_LL_CloseEP
 .text.USBD_LL_StallEP
                0x000000000800afa8       0x3e USB_DEVICE/Target/usbd_conf.o
                0x000000000800afa8                USBD_LL_StallEP
 .text.USBD_LL_ClearStallEP
                0x000000000800afe6       0x3e USB_DEVICE/Target/usbd_conf.o
                0x000000000800afe6                USBD_LL_ClearStallEP
 .text.USBD_LL_IsStallEP
                0x000000000800b024       0x58 USB_DEVICE/Target/usbd_conf.o
                0x000000000800b024                USBD_LL_IsStallEP
 .text.USBD_LL_SetUSBAddress
                0x000000000800b07c       0x3e USB_DEVICE/Target/usbd_conf.o
                0x000000000800b07c                USBD_LL_SetUSBAddress
 .text.USBD_LL_Transmit
                0x000000000800b0ba       0x42 USB_DEVICE/Target/usbd_conf.o
                0x000000000800b0ba                USBD_LL_Transmit
 .text.USBD_LL_PrepareReceive
                0x000000000800b0fc       0x42 USB_DEVICE/Target/usbd_conf.o
                0x000000000800b0fc                USBD_LL_PrepareReceive
 .text.USBD_LL_GetRxDataSize
                0x000000000800b13e       0x26 USB_DEVICE/Target/usbd_conf.o
                0x000000000800b13e                USBD_LL_GetRxDataSize
 .text.USBD_static_malloc
                0x000000000800b164       0x1c USB_DEVICE/Target/usbd_conf.o
                0x000000000800b164                USBD_static_malloc
 .text.USBD_static_free
                0x000000000800b180       0x14 USB_DEVICE/Target/usbd_conf.o
                0x000000000800b180                USBD_static_free
 .text.USBD_Get_USB_Status
                0x000000000800b194       0x58 USB_DEVICE/Target/usbd_conf.o
                0x000000000800b194                USBD_Get_USB_Status
 .text.atoi     0x000000000800b1ec        0x8 c:/st/stm32cubeide_1.4.0/stm32cubeide/plugins/com.st.stm32cube.ide.mcu.externaltools.gnu-tools-for-stm32.9-2020-q2-update.win32_1.5.0.202011040924/tools/bin/../lib/gcc/arm-none-eabi/9.3.1/../../../../arm-none-eabi/lib/thumb/v7e-m+fp/hard\libc_nano.a(lib_a-atoi.o)
                0x000000000800b1ec                atoi
 .text.__errno  0x000000000800b1f4        0xc c:/st/stm32cubeide_1.4.0/stm32cubeide/plugins/com.st.stm32cube.ide.mcu.externaltools.gnu-tools-for-stm32.9-2020-q2-update.win32_1.5.0.202011040924/tools/bin/../lib/gcc/arm-none-eabi/9.3.1/../../../../arm-none-eabi/lib/thumb/v7e-m+fp/hard\libc_nano.a(lib_a-errno.o)
                0x000000000800b1f4                __errno
 .text.__libc_init_array
                0x000000000800b200       0x48 c:/st/stm32cubeide_1.4.0/stm32cubeide/plugins/com.st.stm32cube.ide.mcu.externaltools.gnu-tools-for-stm32.9-2020-q2-update.win32_1.5.0.202011040924/tools/bin/../lib/gcc/arm-none-eabi/9.3.1/../../../../arm-none-eabi/lib/thumb/v7e-m+fp/hard\libc_nano.a(lib_a-init.o)
                0x000000000800b200                __libc_init_array
 .text.__itoa   0x000000000800b248       0x30 c:/st/stm32cubeide_1.4.0/stm32cubeide/plugins/com.st.stm32cube.ide.mcu.externaltools.gnu-tools-for-stm32.9-2020-q2-update.win32_1.5.0.202011040924/tools/bin/../lib/gcc/arm-none-eabi/9.3.1/../../../../arm-none-eabi/lib/thumb/v7e-m+fp/hard\libc_nano.a(lib_a-itoa.o)
                0x000000000800b248                __itoa
 .text.itoa     0x000000000800b278        0x4 c:/st/stm32cubeide_1.4.0/stm32cubeide/plugins/com.st.stm32cube.ide.mcu.externaltools.gnu-tools-for-stm32.9-2020-q2-update.win32_1.5.0.202011040924/tools/bin/../lib/gcc/arm-none-eabi/9.3.1/../../../../arm-none-eabi/lib/thumb/v7e-m+fp/hard\libc_nano.a(lib_a-itoa.o)
                0x000000000800b278                itoa
 .text.malloc   0x000000000800b27c       0x10 c:/st/stm32cubeide_1.4.0/stm32cubeide/plugins/com.st.stm32cube.ide.mcu.externaltools.gnu-tools-for-stm32.9-2020-q2-update.win32_1.5.0.202011040924/tools/bin/../lib/gcc/arm-none-eabi/9.3.1/../../../../arm-none-eabi/lib/thumb/v7e-m+fp/hard\libc_nano.a(lib_a-malloc.o)
                0x000000000800b27c                malloc
 .text.free     0x000000000800b28c       0x10 c:/st/stm32cubeide_1.4.0/stm32cubeide/plugins/com.st.stm32cube.ide.mcu.externaltools.gnu-tools-for-stm32.9-2020-q2-update.win32_1.5.0.202011040924/tools/bin/../lib/gcc/arm-none-eabi/9.3.1/../../../../arm-none-eabi/lib/thumb/v7e-m+fp/hard\libc_nano.a(lib_a-malloc.o)
                0x000000000800b28c                free
 .text.memcpy   0x000000000800b29c       0x1c c:/st/stm32cubeide_1.4.0/stm32cubeide/plugins/com.st.stm32cube.ide.mcu.externaltools.gnu-tools-for-stm32.9-2020-q2-update.win32_1.5.0.202011040924/tools/bin/../lib/gcc/arm-none-eabi/9.3.1/../../../../arm-none-eabi/lib/thumb/v7e-m+fp/hard\libc_nano.a(lib_a-memcpy-stub.o)
                0x000000000800b29c                memcpy
 .text.memset   0x000000000800b2b8       0x10 c:/st/stm32cubeide_1.4.0/stm32cubeide/plugins/com.st.stm32cube.ide.mcu.externaltools.gnu-tools-for-stm32.9-2020-q2-update.win32_1.5.0.202011040924/tools/bin/../lib/gcc/arm-none-eabi/9.3.1/../../../../arm-none-eabi/lib/thumb/v7e-m+fp/hard\libc_nano.a(lib_a-memset.o)
                0x000000000800b2b8                memset
 .text._free_r  0x000000000800b2c8       0xa0 c:/st/stm32cubeide_1.4.0/stm32cubeide/plugins/com.st.stm32cube.ide.mcu.externaltools.gnu-tools-for-stm32.9-2020-q2-update.win32_1.5.0.202011040924/tools/bin/../lib/gcc/arm-none-eabi/9.3.1/../../../../arm-none-eabi/lib/thumb/v7e-m+fp/hard\libc_nano.a(lib_a-nano-freer.o)
                0x000000000800b2c8                _free_r
 .text._malloc_r
                0x000000000800b368       0xb4 c:/st/stm32cubeide_1.4.0/stm32cubeide/plugins/com.st.stm32cube.ide.mcu.externaltools.gnu-tools-for-stm32.9-2020-q2-update.win32_1.5.0.202011040924/tools/bin/../lib/gcc/arm-none-eabi/9.3.1/../../../../arm-none-eabi/lib/thumb/v7e-m+fp/hard\libc_nano.a(lib_a-nano-mallocr.o)
                0x000000000800b368                _malloc_r
 .text._sbrk_r  0x000000000800b41c       0x20 c:/st/stm32cubeide_1.4.0/stm32cubeide/plugins/com.st.stm32cube.ide.mcu.externaltools.gnu-tools-for-stm32.9-2020-q2-update.win32_1.5.0.202011040924/tools/bin/../lib/gcc/arm-none-eabi/9.3.1/../../../../arm-none-eabi/lib/thumb/v7e-m+fp/hard\libc_nano.a(lib_a-sbrkr.o)
                0x000000000800b41c                _sbrk_r
 .text.strcat   0x000000000800b43c       0x1e c:/st/stm32cubeide_1.4.0/stm32cubeide/plugins/com.st.stm32cube.ide.mcu.externaltools.gnu-tools-for-stm32.9-2020-q2-update.win32_1.5.0.202011040924/tools/bin/../lib/gcc/arm-none-eabi/9.3.1/../../../../arm-none-eabi/lib/thumb/v7e-m+fp/hard\libc_nano.a(lib_a-strcat.o)
                0x000000000800b43c                strcat
 .text.strncmp  0x000000000800b45a       0x24 c:/st/stm32cubeide_1.4.0/stm32cubeide/plugins/com.st.stm32cube.ide.mcu.externaltools.gnu-tools-for-stm32.9-2020-q2-update.win32_1.5.0.202011040924/tools/bin/../lib/gcc/arm-none-eabi/9.3.1/../../../../arm-none-eabi/lib/thumb/v7e-m+fp/hard\libc_nano.a(lib_a-strncmp.o)
                0x000000000800b45a                strncmp
 .text.strncpy  0x000000000800b47e       0x26 c:/st/stm32cubeide_1.4.0/stm32cubeide/plugins/com.st.stm32cube.ide.mcu.externaltools.gnu-tools-for-stm32.9-2020-q2-update.win32_1.5.0.202011040924/tools/bin/../lib/gcc/arm-none-eabi/9.3.1/../../../../arm-none-eabi/lib/thumb/v7e-m+fp/hard\libc_nano.a(lib_a-strncpy.o)
                0x000000000800b47e                strncpy
 .text._strtol_l.isra.0
                0x000000000800b4a4      0x108 c:/st/stm32cubeide_1.4.0/stm32cubeide/plugins/com.st.stm32cube.ide.mcu.externaltools.gnu-tools-for-stm32.9-2020-q2-update.win32_1.5.0.202011040924/tools/bin/../lib/gcc/arm-none-eabi/9.3.1/../../../../arm-none-eabi/lib/thumb/v7e-m+fp/hard\libc_nano.a(lib_a-strtol.o)
 .text.strtol   0x000000000800b5ac       0x14 c:/st/stm32cubeide_1.4.0/stm32cubeide/plugins/com.st.stm32cube.ide.mcu.externaltools.gnu-tools-for-stm32.9-2020-q2-update.win32_1.5.0.202011040924/tools/bin/../lib/gcc/arm-none-eabi/9.3.1/../../../../arm-none-eabi/lib/thumb/v7e-m+fp/hard\libc_nano.a(lib_a-strtol.o)
                0x000000000800b5ac                strtol
 .text.__utoa   0x000000000800b5c0       0x84 c:/st/stm32cubeide_1.4.0/stm32cubeide/plugins/com.st.stm32cube.ide.mcu.externaltools.gnu-tools-for-stm32.9-2020-q2-update.win32_1.5.0.202011040924/tools/bin/../lib/gcc/arm-none-eabi/9.3.1/../../../../arm-none-eabi/lib/thumb/v7e-m+fp/hard\libc_nano.a(lib_a-utoa.o)
                0x000000000800b5c0                __utoa
 .text.__malloc_lock
                0x000000000800b644        0xc c:/st/stm32cubeide_1.4.0/stm32cubeide/plugins/com.st.stm32cube.ide.mcu.externaltools.gnu-tools-for-stm32.9-2020-q2-update.win32_1.5.0.202011040924/tools/bin/../lib/gcc/arm-none-eabi/9.3.1/../../../../arm-none-eabi/lib/thumb/v7e-m+fp/hard\libc_nano.a(lib_a-mlock.o)
                0x000000000800b644                __malloc_lock
 .text.__malloc_unlock
                0x000000000800b650        0xc c:/st/stm32cubeide_1.4.0/stm32cubeide/plugins/com.st.stm32cube.ide.mcu.externaltools.gnu-tools-for-stm32.9-2020-q2-update.win32_1.5.0.202011040924/tools/bin/../lib/gcc/arm-none-eabi/9.3.1/../../../../arm-none-eabi/lib/thumb/v7e-m+fp/hard\libc_nano.a(lib_a-mlock.o)
                0x000000000800b650                __malloc_unlock
 .text.__retarget_lock_acquire_recursive
                0x000000000800b65c        0x2 c:/st/stm32cubeide_1.4.0/stm32cubeide/plugins/com.st.stm32cube.ide.mcu.externaltools.gnu-tools-for-stm32.9-2020-q2-update.win32_1.5.0.202011040924/tools/bin/../lib/gcc/arm-none-eabi/9.3.1/../../../../arm-none-eabi/lib/thumb/v7e-m+fp/hard\libc_nano.a(lib_a-lock.o)
                0x000000000800b65c                __retarget_lock_acquire_recursive
 .text.__retarget_lock_release_recursive
                0x000000000800b65e        0x2 c:/st/stm32cubeide_1.4.0/stm32cubeide/plugins/com.st.stm32cube.ide.mcu.externaltools.gnu-tools-for-stm32.9-2020-q2-update.win32_1.5.0.202011040924/tools/bin/../lib/gcc/arm-none-eabi/9.3.1/../../../../arm-none-eabi/lib/thumb/v7e-m+fp/hard\libc_nano.a(lib_a-lock.o)
                0x000000000800b65e                __retarget_lock_release_recursive
 .text.ceil     0x000000000800b660      0x108 c:/st/stm32cubeide_1.4.0/stm32cubeide/plugins/com.st.stm32cube.ide.mcu.externaltools.gnu-tools-for-stm32.9-2020-q2-update.win32_1.5.0.202011040924/tools/bin/../lib/gcc/arm-none-eabi/9.3.1/../../../../arm-none-eabi/lib/thumb/v7e-m+fp/hard\libm.a(lib_a-s_ceil.o)
                0x000000000800b660                ceil
 .text.round    0x000000000800b768       0x8c c:/st/stm32cubeide_1.4.0/stm32cubeide/plugins/com.st.stm32cube.ide.mcu.externaltools.gnu-tools-for-stm32.9-2020-q2-update.win32_1.5.0.202011040924/tools/bin/../lib/gcc/arm-none-eabi/9.3.1/../../../../arm-none-eabi/lib/thumb/v7e-m+fp/hard\libm.a(lib_a-s_round.o)
                0x000000000800b768                round
 *(.glue_7)
 .glue_7        0x000000000800b7f4        0x0 linker stubs
 *(.glue_7t)
 .glue_7t       0x000000000800b7f4        0x0 linker stubs
 *(.eh_frame)
 .eh_frame      0x000000000800b7f4        0x0 c:/st/stm32cubeide_1.4.0/stm32cubeide/plugins/com.st.stm32cube.ide.mcu.externaltools.gnu-tools-for-stm32.9-2020-q2-update.win32_1.5.0.202011040924/tools/bin/../lib/gcc/arm-none-eabi/9.3.1/thumb/v7e-m+fp/hard/crtbegin.o
 *(.init)
 .init          0x000000000800b7f4        0x4 c:/st/stm32cubeide_1.4.0/stm32cubeide/plugins/com.st.stm32cube.ide.mcu.externaltools.gnu-tools-for-stm32.9-2020-q2-update.win32_1.5.0.202011040924/tools/bin/../lib/gcc/arm-none-eabi/9.3.1/thumb/v7e-m+fp/hard/crti.o
                0x000000000800b7f4                _init
 .init          0x000000000800b7f8        0x8 c:/st/stm32cubeide_1.4.0/stm32cubeide/plugins/com.st.stm32cube.ide.mcu.externaltools.gnu-tools-for-stm32.9-2020-q2-update.win32_1.5.0.202011040924/tools/bin/../lib/gcc/arm-none-eabi/9.3.1/thumb/v7e-m+fp/hard/crtn.o
 *(.fini)
 .fini          0x000000000800b800        0x4 c:/st/stm32cubeide_1.4.0/stm32cubeide/plugins/com.st.stm32cube.ide.mcu.externaltools.gnu-tools-for-stm32.9-2020-q2-update.win32_1.5.0.202011040924/tools/bin/../lib/gcc/arm-none-eabi/9.3.1/thumb/v7e-m+fp/hard/crti.o
                0x000000000800b800                _fini
 .fini          0x000000000800b804        0x8 c:/st/stm32cubeide_1.4.0/stm32cubeide/plugins/com.st.stm32cube.ide.mcu.externaltools.gnu-tools-for-stm32.9-2020-q2-update.win32_1.5.0.202011040924/tools/bin/../lib/gcc/arm-none-eabi/9.3.1/thumb/v7e-m+fp/hard/crtn.o
                0x000000000800b80c                . = ALIGN (0x4)
                0x000000000800b80c                _etext = .
                0x000000000800b80c                _siccmram = LOADADDR (.ccmram)

.vfp11_veneer   0x000000000800b80c        0x0
 .vfp11_veneer  0x000000000800b80c        0x0 linker stubs

.v4_bx          0x000000000800b80c        0x0
 .v4_bx         0x000000000800b80c        0x0 linker stubs

.iplt           0x000000000800b80c        0x0
 .iplt          0x000000000800b80c        0x0 c:/st/stm32cubeide_1.4.0/stm32cubeide/plugins/com.st.stm32cube.ide.mcu.externaltools.gnu-tools-for-stm32.9-2020-q2-update.win32_1.5.0.202011040924/tools/bin/../lib/gcc/arm-none-eabi/9.3.1/thumb/v7e-m+fp/hard/crtbegin.o

.ccmram         0x0000000010000000        0x0 load address 0x000000000800b80c
                0x0000000010000000                . = ALIGN (0x4)
                0x0000000010000000                _sccmram = .
 *(.ccmram)
 *(.ccmram*)
                0x0000000010000000                . = ALIGN (0x4)
                0x0000000010000000                _eccmram = .

.rodata         0x000000000800b80c      0x270
                0x000000000800b80c                . = ALIGN (0x4)
 *(.rodata)
 .rodata        0x000000000800b80c       0xef USB_DEVICE/App/usbd_cdc_if.o
 *fill*         0x000000000800b8fb        0x1 
 .rodata        0x000000000800b8fc       0x46 USB_DEVICE/App/usbd_desc.o
 *(.rodata*)
 *fill*         0x000000000800b942        0x2 
 .rodata.AHBPrescTable
                0x000000000800b944       0x10 Core/Src/system_stm32f4xx.o
                0x000000000800b944                AHBPrescTable
 .rodata.__utoa.str1.1
                0x000000000800b954       0x25 c:/st/stm32cubeide_1.4.0/stm32cubeide/plugins/com.st.stm32cube.ide.mcu.externaltools.gnu-tools-for-stm32.9-2020-q2-update.win32_1.5.0.202011040924/tools/bin/../lib/gcc/arm-none-eabi/9.3.1/../../../../arm-none-eabi/lib/thumb/v7e-m+fp/hard\libc_nano.a(lib_a-utoa.o)
 .rodata._ctype_
                0x000000000800b979      0x101 c:/st/stm32cubeide_1.4.0/stm32cubeide/plugins/com.st.stm32cube.ide.mcu.externaltools.gnu-tools-for-stm32.9-2020-q2-update.win32_1.5.0.202011040924/tools/bin/../lib/gcc/arm-none-eabi/9.3.1/../../../../arm-none-eabi/lib/thumb/v7e-m+fp/hard\libc_nano.a(lib_a-ctype_.o)
                0x000000000800b979                _ctype_
                0x000000000800ba7c                . = ALIGN (0x4)
 *fill*         0x000000000800ba7a        0x2 

.ARM.extab      0x000000000800ba7c        0x0
                0x000000000800ba7c                . = ALIGN (0x4)
 *(.ARM.extab* .gnu.linkonce.armextab.*)
                0x000000000800ba7c                . = ALIGN (0x4)

.ARM            0x000000000800ba7c        0x8
                0x000000000800ba7c                . = ALIGN (0x4)
                0x000000000800ba7c                __exidx_start = .
 *(.ARM.exidx*)
 .ARM.exidx     0x000000000800ba7c        0x8 c:/st/stm32cubeide_1.4.0/stm32cubeide/plugins/com.st.stm32cube.ide.mcu.externaltools.gnu-tools-for-stm32.9-2020-q2-update.win32_1.5.0.202011040924/tools/bin/../lib/gcc/arm-none-eabi/9.3.1/thumb/v7e-m+fp/hard\libgcc.a(_udivmoddi4.o)
                0x000000000800ba84                __exidx_end = .
                0x000000000800ba84                . = ALIGN (0x4)

.rel.dyn        0x000000000800ba84        0x0
 .rel.iplt      0x000000000800ba84        0x0 c:/st/stm32cubeide_1.4.0/stm32cubeide/plugins/com.st.stm32cube.ide.mcu.externaltools.gnu-tools-for-stm32.9-2020-q2-update.win32_1.5.0.202011040924/tools/bin/../lib/gcc/arm-none-eabi/9.3.1/thumb/v7e-m+fp/hard/crtbegin.o

.preinit_array  0x000000000800ba84        0x0
                0x000000000800ba84                . = ALIGN (0x4)
                0x000000000800ba84                PROVIDE (__preinit_array_start = .)
 *(.preinit_array*)
                0x000000000800ba84                PROVIDE (__preinit_array_end = .)
                0x000000000800ba84                . = ALIGN (0x4)

.init_array     0x000000000800ba84        0x4
                0x000000000800ba84                . = ALIGN (0x4)
                0x000000000800ba84                PROVIDE (__init_array_start = .)
 *(SORT_BY_NAME(.init_array.*))
 *(.init_array*)
 .init_array    0x000000000800ba84        0x4 c:/st/stm32cubeide_1.4.0/stm32cubeide/plugins/com.st.stm32cube.ide.mcu.externaltools.gnu-tools-for-stm32.9-2020-q2-update.win32_1.5.0.202011040924/tools/bin/../lib/gcc/arm-none-eabi/9.3.1/thumb/v7e-m+fp/hard/crtbegin.o
                0x000000000800ba88                PROVIDE (__init_array_end = .)
                0x000000000800ba88                . = ALIGN (0x4)

.fini_array     0x000000000800ba88        0x4
                0x000000000800ba88                . = ALIGN (0x4)
                [!provide]                        PROVIDE (__fini_array_start = .)
 *(SORT_BY_NAME(.fini_array.*))
 *(.fini_array*)
 .fini_array    0x000000000800ba88        0x4 c:/st/stm32cubeide_1.4.0/stm32cubeide/plugins/com.st.stm32cube.ide.mcu.externaltools.gnu-tools-for-stm32.9-2020-q2-update.win32_1.5.0.202011040924/tools/bin/../lib/gcc/arm-none-eabi/9.3.1/thumb/v7e-m+fp/hard/crtbegin.o
                [!provide]                        PROVIDE (__fini_array_end = .)
                0x000000000800ba8c                . = ALIGN (0x4)
                0x000000000800ba8c                _sidata = LOADADDR (.data)

.data           0x0000000020000000      0x1e4 load address 0x000000000800ba8c
                0x0000000020000000                . = ALIGN (0x4)
                0x0000000020000000                _sdata = .
 *(.data)
 *(.data*)
 .data.SystemCoreClock
                0x0000000020000000        0x4 Core/Src/system_stm32f4xx.o
                0x0000000020000000                SystemCoreClock
 .data.uwTickPrio
                0x0000000020000004        0x4 Drivers/STM32F4xx_HAL_Driver/Src/stm32f4xx_hal.o
                0x0000000020000004                uwTickPrio
 .data.uwTickFreq
                0x0000000020000008        0x1 Drivers/STM32F4xx_HAL_Driver/Src/stm32f4xx_hal.o
                0x0000000020000008                uwTickFreq
 *fill*         0x0000000020000009        0x3 
 .data.USBD_CDC_DeviceQualifierDesc
                0x000000002000000c        0xa Middlewares/ST/STM32_USB_Device_Library/Class/CDC/Src/usbd_cdc.o
 *fill*         0x0000000020000016        0x2 
 .data.USBD_CDC
                0x0000000020000018       0x38 Middlewares/ST/STM32_USB_Device_Library/Class/CDC/Src/usbd_cdc.o
                0x0000000020000018                USBD_CDC
 .data.USBD_CDC_CfgHSDesc
                0x0000000020000050       0x43 Middlewares/ST/STM32_USB_Device_Library/Class/CDC/Src/usbd_cdc.o
 *fill*         0x0000000020000093        0x1 
 .data.USBD_CDC_CfgFSDesc
                0x0000000020000094       0x43 Middlewares/ST/STM32_USB_Device_Library/Class/CDC/Src/usbd_cdc.o
 *fill*         0x00000000200000d7        0x1 
 .data.USBD_CDC_OtherSpeedCfgDesc
                0x00000000200000d8       0x43 Middlewares/ST/STM32_USB_Device_Library/Class/CDC/Src/usbd_cdc.o
 *fill*         0x000000002000011b        0x1 
 .data.USBD_Interface_fops_FS
                0x000000002000011c       0x14 USB_DEVICE/App/usbd_cdc_if.o
                0x000000002000011c                USBD_Interface_fops_FS
 .data.FS_Desc  0x0000000020000130       0x1c USB_DEVICE/App/usbd_desc.o
                0x0000000020000130                FS_Desc
 .data.USBD_FS_DeviceDesc
                0x000000002000014c       0x12 USB_DEVICE/App/usbd_desc.o
                0x000000002000014c                USBD_FS_DeviceDesc
 *fill*         0x000000002000015e        0x2 
 .data.USBD_LangIDDesc
                0x0000000020000160        0x4 USB_DEVICE/App/usbd_desc.o
                0x0000000020000160                USBD_LangIDDesc
 .data.USBD_StringSerial
                0x0000000020000164       0x1a USB_DEVICE/App/usbd_desc.o
                0x0000000020000164                USBD_StringSerial
 *fill*         0x000000002000017e        0x2 
 .data._impure_ptr
                0x0000000020000180        0x4 c:/st/stm32cubeide_1.4.0/stm32cubeide/plugins/com.st.stm32cube.ide.mcu.externaltools.gnu-tools-for-stm32.9-2020-q2-update.win32_1.5.0.202011040924/tools/bin/../lib/gcc/arm-none-eabi/9.3.1/../../../../arm-none-eabi/lib/thumb/v7e-m+fp/hard\libc_nano.a(lib_a-impure.o)
                0x0000000020000180                _impure_ptr
 .data.impure_data
                0x0000000020000184       0x60 c:/st/stm32cubeide_1.4.0/stm32cubeide/plugins/com.st.stm32cube.ide.mcu.externaltools.gnu-tools-for-stm32.9-2020-q2-update.win32_1.5.0.202011040924/tools/bin/../lib/gcc/arm-none-eabi/9.3.1/../../../../arm-none-eabi/lib/thumb/v7e-m+fp/hard\libc_nano.a(lib_a-impure.o)
                0x00000000200001e4                . = ALIGN (0x4)
                0x00000000200001e4                _edata = .

.igot.plt       0x00000000200001e4        0x0 load address 0x000000000800bc70
 .igot.plt      0x00000000200001e4        0x0 c:/st/stm32cubeide_1.4.0/stm32cubeide/plugins/com.st.stm32cube.ide.mcu.externaltools.gnu-tools-for-stm32.9-2020-q2-update.win32_1.5.0.202011040924/tools/bin/../lib/gcc/arm-none-eabi/9.3.1/thumb/v7e-m+fp/hard/crtbegin.o
                0x00000000200001e4                . = ALIGN (0x4)

.bss            0x00000000200001e4     0x1c8c load address 0x000000000800bc70
                0x00000000200001e4                _sbss = .
                0x00000000200001e4                __bss_start__ = _sbss
 *(.bss)
 .bss           0x00000000200001e4       0x1c c:/st/stm32cubeide_1.4.0/stm32cubeide/plugins/com.st.stm32cube.ide.mcu.externaltools.gnu-tools-for-stm32.9-2020-q2-update.win32_1.5.0.202011040924/tools/bin/../lib/gcc/arm-none-eabi/9.3.1/thumb/v7e-m+fp/hard/crtbegin.o
 *(.bss*)
 .bss.xNetParam
                0x0000000020000200       0x54 Core/Src/Apps/int_FeedForwardNN.o
 .bss.xQuantizedVal
                0x0000000020000254       0x24 Core/Src/Apps/int_FeedForwardNN.o
 .bss.xDistribution
                0x0000000020000278       0x18 Core/Src/Apps/int_FeedForwardNN.o
 .bss.__sbrk_heap_end
                0x0000000020000290        0x4 Core/Src/sysmem.o
 .bss.cfgidx.10140
                0x0000000020000294        0x1 Middlewares/ST/STM32_USB_Device_Library/Core/Src/usbd_ctlreq.o
 *fill*         0x0000000020000295        0x3 
 .bss.xUSBDownloadVar
                0x0000000020000298       0x18 USB_DEVICE/App/usbd_cdc_if.o
 .bss.flash_cont.10153
                0x00000000200002b0        0x4 USB_DEVICE/App/usbd_cdc_if.o
 .bss.PacketCount.10150
                0x00000000200002b4        0x2 USB_DEVICE/App/usbd_cdc_if.o
 *fill*         0x00000000200002b6        0x2 
 .bss.Flash_BaseAddr.10151
                0x00000000200002b8        0x4 USB_DEVICE/App/usbd_cdc_if.o
 .bss.mem.10209
                0x00000000200002bc      0x220 USB_DEVICE/Target/usbd_conf.o
 .bss.__malloc_free_list
                0x00000000200004dc        0x4 c:/st/stm32cubeide_1.4.0/stm32cubeide/plugins/com.st.stm32cube.ide.mcu.externaltools.gnu-tools-for-stm32.9-2020-q2-update.win32_1.5.0.202011040924/tools/bin/../lib/gcc/arm-none-eabi/9.3.1/../../../../arm-none-eabi/lib/thumb/v7e-m+fp/hard\libc_nano.a(lib_a-nano-mallocr.o)
                0x00000000200004dc                __malloc_free_list
 .bss.__malloc_sbrk_start
                0x00000000200004e0        0x4 c:/st/stm32cubeide_1.4.0/stm32cubeide/plugins/com.st.stm32cube.ide.mcu.externaltools.gnu-tools-for-stm32.9-2020-q2-update.win32_1.5.0.202011040924/tools/bin/../lib/gcc/arm-none-eabi/9.3.1/../../../../arm-none-eabi/lib/thumb/v7e-m+fp/hard\libc_nano.a(lib_a-nano-mallocr.o)
                0x00000000200004e0                __malloc_sbrk_start
 *(COMMON)
 COMMON         0x00000000200004e4       0x60 Core/Src/Apps/fp32_FeedForwardNN.o
                0x00000000200004e4                FuncPtr
                0x00000000200004e8                WBPtr
                0x00000000200004ec                xNetParam
                0x0000000020000540                ZPtr
 COMMON         0x0000000020000544       0x20 Core/Src/main.o
                0x0000000020000544                hrtc
 COMMON         0x0000000020000564        0x4 Drivers/STM32F4xx_HAL_Driver/Src/stm32f4xx_hal.o
                0x0000000020000564                uwTick
 COMMON         0x0000000020000568       0x20 Drivers/STM32F4xx_HAL_Driver/Src/stm32f4xx_hal_flash.o
                0x0000000020000568                pFlash
 COMMON         0x0000000020000588      0x2d0 USB_DEVICE/App/usb_device.o
                0x0000000020000588                hUsbDeviceFS
 COMMON         0x0000000020000858     0x1000 USB_DEVICE/App/usbd_cdc_if.o
                0x0000000020000858                UserRxBufferFS
                0x0000000020001058                UserTxBufferFS
 COMMON         0x0000000020001858      0x200 USB_DEVICE/App/usbd_desc.o
                0x0000000020001858                USBD_StrDesc
 COMMON         0x0000000020001a58      0x408 USB_DEVICE/Target/usbd_conf.o
                0x0000000020001a58                hpcd_USB_OTG_FS
 COMMON         0x0000000020001e60        0x4 c:/st/stm32cubeide_1.4.0/stm32cubeide/plugins/com.st.stm32cube.ide.mcu.externaltools.gnu-tools-for-stm32.9-2020-q2-update.win32_1.5.0.202011040924/tools/bin/../lib/gcc/arm-none-eabi/9.3.1/../../../../arm-none-eabi/lib/thumb/v7e-m+fp/hard\libc_nano.a(lib_a-reent.o)
                0x0000000020001e60                errno
 COMMON         0x0000000020001e64        0x9 c:/st/stm32cubeide_1.4.0/stm32cubeide/plugins/com.st.stm32cube.ide.mcu.externaltools.gnu-tools-for-stm32.9-2020-q2-update.win32_1.5.0.202011040924/tools/bin/../lib/gcc/arm-none-eabi/9.3.1/../../../../arm-none-eabi/lib/thumb/v7e-m+fp/hard\libc_nano.a(lib_a-lock.o)
                0x0000000020001e64                __lock___atexit_recursive_mutex
                0x0000000020001e65                __lock___arc4random_mutex
                0x0000000020001e66                __lock___env_recursive_mutex
                0x0000000020001e67                __lock___sinit_recursive_mutex
                0x0000000020001e68                __lock___malloc_recursive_mutex
                0x0000000020001e69                __lock___at_quick_exit_mutex
                0x0000000020001e6a                __lock___dd_hash_mutex
                0x0000000020001e6b                __lock___tz_mutex
                0x0000000020001e6c                __lock___sfp_recursive_mutex
                0x0000000020001e70                . = ALIGN (0x4)
 *fill*         0x0000000020001e6d        0x3 
                0x0000000020001e70                _ebss = .
                0x0000000020001e70                __bss_end__ = _ebss

._user_heap_stack
                0x0000000020001e70      0x600 load address 0x000000000800bc70
                0x0000000020001e70                . = ALIGN (0x8)
                [!provide]                        PROVIDE (end = .)
                0x0000000020001e70                PROVIDE (_end = .)
                0x0000000020002070                . = (. + _Min_Heap_Size)
 *fill*         0x0000000020001e70      0x200 
                0x0000000020002470                . = (. + _Min_Stack_Size)
 *fill*         0x0000000020002070      0x400 
                0x0000000020002470                . = ALIGN (0x8)

/DISCARD/
 libc.a(*)
 libm.a(*)
 libgcc.a(*)

.ARM.attributes
                0x0000000000000000       0x30
 *(.ARM.attributes)
 .ARM.attributes
                0x0000000000000000       0x1e c:/st/stm32cubeide_1.4.0/stm32cubeide/plugins/com.st.stm32cube.ide.mcu.externaltools.gnu-tools-for-stm32.9-2020-q2-update.win32_1.5.0.202011040924/tools/bin/../lib/gcc/arm-none-eabi/9.3.1/thumb/v7e-m+fp/hard/crti.o
 .ARM.attributes
                0x000000000000001e       0x34 c:/st/stm32cubeide_1.4.0/stm32cubeide/plugins/com.st.stm32cube.ide.mcu.externaltools.gnu-tools-for-stm32.9-2020-q2-update.win32_1.5.0.202011040924/tools/bin/../lib/gcc/arm-none-eabi/9.3.1/thumb/v7e-m+fp/hard/crtbegin.o
 .ARM.attributes
                0x0000000000000052       0x34 Core/Src/Apps/DataTansfer.o
 .ARM.attributes
                0x0000000000000086       0x34 Core/Src/Apps/fp32_FeedForwardNN.o
 .ARM.attributes
                0x00000000000000ba       0x34 Core/Src/Apps/int_FeedForwardNN.o
 .ARM.attributes
                0x00000000000000ee       0x34 Core/Src/Apps/sys_FeedForwardNN.o
 .ARM.attributes
                0x0000000000000122       0x34 Core/Src/main.o
 .ARM.attributes
                0x0000000000000156       0x34 Core/Src/stm32f4xx_hal_msp.o
 .ARM.attributes
                0x000000000000018a       0x34 Core/Src/stm32f4xx_it.o
 .ARM.attributes
                0x00000000000001be       0x34 Core/Src/sysmem.o
 .ARM.attributes
                0x00000000000001f2       0x34 Core/Src/system_stm32f4xx.o
 .ARM.attributes
                0x0000000000000226       0x21 Core/Startup/startup_stm32f407zgtx.o
 .ARM.attributes
                0x0000000000000247       0x34 Drivers/STM32F4xx_HAL_Driver/Src/stm32f4xx_hal.o
 .ARM.attributes
                0x000000000000027b       0x34 Drivers/STM32F4xx_HAL_Driver/Src/stm32f4xx_hal_cortex.o
 .ARM.attributes
                0x00000000000002af       0x34 Drivers/STM32F4xx_HAL_Driver/Src/stm32f4xx_hal_flash.o
 .ARM.attributes
                0x00000000000002e3       0x34 Drivers/STM32F4xx_HAL_Driver/Src/stm32f4xx_hal_flash_ex.o
 .ARM.attributes
                0x0000000000000317       0x34 Drivers/STM32F4xx_HAL_Driver/Src/stm32f4xx_hal_gpio.o
 .ARM.attributes
                0x000000000000034b       0x34 Drivers/STM32F4xx_HAL_Driver/Src/stm32f4xx_hal_pcd.o
 .ARM.attributes
                0x000000000000037f       0x34 Drivers/STM32F4xx_HAL_Driver/Src/stm32f4xx_hal_pcd_ex.o
 .ARM.attributes
                0x00000000000003b3       0x34 Drivers/STM32F4xx_HAL_Driver/Src/stm32f4xx_hal_rcc.o
 .ARM.attributes
                0x00000000000003e7       0x34 Drivers/STM32F4xx_HAL_Driver/Src/stm32f4xx_hal_rcc_ex.o
 .ARM.attributes
                0x000000000000041b       0x34 Drivers/STM32F4xx_HAL_Driver/Src/stm32f4xx_hal_rtc.o
 .ARM.attributes
                0x000000000000044f       0x34 Drivers/STM32F4xx_HAL_Driver/Src/stm32f4xx_ll_usb.o
 .ARM.attributes
                0x0000000000000483       0x34 Middlewares/ST/STM32_USB_Device_Library/Class/CDC/Src/usbd_cdc.o
 .ARM.attributes
                0x00000000000004b7       0x34 Middlewares/ST/STM32_USB_Device_Library/Core/Src/usbd_core.o
 .ARM.attributes
                0x00000000000004eb       0x34 Middlewares/ST/STM32_USB_Device_Library/Core/Src/usbd_ctlreq.o
 .ARM.attributes
                0x000000000000051f       0x34 Middlewares/ST/STM32_USB_Device_Library/Core/Src/usbd_ioreq.o
 .ARM.attributes
                0x0000000000000553       0x34 USB_DEVICE/App/usb_device.o
 .ARM.attributes
                0x0000000000000587       0x34 USB_DEVICE/App/usbd_cdc_if.o
 .ARM.attributes
                0x00000000000005bb       0x34 USB_DEVICE/App/usbd_desc.o
 .ARM.attributes
                0x00000000000005ef       0x34 USB_DEVICE/Target/usbd_conf.o
 .ARM.attributes
                0x0000000000000623       0x34 c:/st/stm32cubeide_1.4.0/stm32cubeide/plugins/com.st.stm32cube.ide.mcu.externaltools.gnu-tools-for-stm32.9-2020-q2-update.win32_1.5.0.202011040924/tools/bin/../lib/gcc/arm-none-eabi/9.3.1/../../../../arm-none-eabi/lib/thumb/v7e-m+fp/hard\libc_nano.a(lib_a-atoi.o)
 .ARM.attributes
                0x0000000000000657       0x34 c:/st/stm32cubeide_1.4.0/stm32cubeide/plugins/com.st.stm32cube.ide.mcu.externaltools.gnu-tools-for-stm32.9-2020-q2-update.win32_1.5.0.202011040924/tools/bin/../lib/gcc/arm-none-eabi/9.3.1/../../../../arm-none-eabi/lib/thumb/v7e-m+fp/hard\libc_nano.a(lib_a-errno.o)
 .ARM.attributes
                0x000000000000068b       0x32 c:/st/stm32cubeide_1.4.0/stm32cubeide/plugins/com.st.stm32cube.ide.mcu.externaltools.gnu-tools-for-stm32.9-2020-q2-update.win32_1.5.0.202011040924/tools/bin/../lib/gcc/arm-none-eabi/9.3.1/../../../../arm-none-eabi/lib/thumb/v7e-m+fp/hard\libc_nano.a(lib_a-impure.o)
 .ARM.attributes
                0x00000000000006bd       0x34 c:/st/stm32cubeide_1.4.0/stm32cubeide/plugins/com.st.stm32cube.ide.mcu.externaltools.gnu-tools-for-stm32.9-2020-q2-update.win32_1.5.0.202011040924/tools/bin/../lib/gcc/arm-none-eabi/9.3.1/../../../../arm-none-eabi/lib/thumb/v7e-m+fp/hard\libc_nano.a(lib_a-init.o)
 .ARM.attributes
                0x00000000000006f1       0x34 c:/st/stm32cubeide_1.4.0/stm32cubeide/plugins/com.st.stm32cube.ide.mcu.externaltools.gnu-tools-for-stm32.9-2020-q2-update.win32_1.5.0.202011040924/tools/bin/../lib/gcc/arm-none-eabi/9.3.1/../../../../arm-none-eabi/lib/thumb/v7e-m+fp/hard\libc_nano.a(lib_a-itoa.o)
 .ARM.attributes
                0x0000000000000725       0x34 c:/st/stm32cubeide_1.4.0/stm32cubeide/plugins/com.st.stm32cube.ide.mcu.externaltools.gnu-tools-for-stm32.9-2020-q2-update.win32_1.5.0.202011040924/tools/bin/../lib/gcc/arm-none-eabi/9.3.1/../../../../arm-none-eabi/lib/thumb/v7e-m+fp/hard\libc_nano.a(lib_a-malloc.o)
 .ARM.attributes
                0x0000000000000759       0x34 c:/st/stm32cubeide_1.4.0/stm32cubeide/plugins/com.st.stm32cube.ide.mcu.externaltools.gnu-tools-for-stm32.9-2020-q2-update.win32_1.5.0.202011040924/tools/bin/../lib/gcc/arm-none-eabi/9.3.1/../../../../arm-none-eabi/lib/thumb/v7e-m+fp/hard\libc_nano.a(lib_a-memcpy-stub.o)
 .ARM.attributes
                0x000000000000078d       0x34 c:/st/stm32cubeide_1.4.0/stm32cubeide/plugins/com.st.stm32cube.ide.mcu.externaltools.gnu-tools-for-stm32.9-2020-q2-update.win32_1.5.0.202011040924/tools/bin/../lib/gcc/arm-none-eabi/9.3.1/../../../../arm-none-eabi/lib/thumb/v7e-m+fp/hard\libc_nano.a(lib_a-memset.o)
 .ARM.attributes
                0x00000000000007c1       0x34 c:/st/stm32cubeide_1.4.0/stm32cubeide/plugins/com.st.stm32cube.ide.mcu.externaltools.gnu-tools-for-stm32.9-2020-q2-update.win32_1.5.0.202011040924/tools/bin/../lib/gcc/arm-none-eabi/9.3.1/../../../../arm-none-eabi/lib/thumb/v7e-m+fp/hard\libc_nano.a(lib_a-nano-freer.o)
 .ARM.attributes
                0x00000000000007f5       0x34 c:/st/stm32cubeide_1.4.0/stm32cubeide/plugins/com.st.stm32cube.ide.mcu.externaltools.gnu-tools-for-stm32.9-2020-q2-update.win32_1.5.0.202011040924/tools/bin/../lib/gcc/arm-none-eabi/9.3.1/../../../../arm-none-eabi/lib/thumb/v7e-m+fp/hard\libc_nano.a(lib_a-nano-mallocr.o)
 .ARM.attributes