fp32_FeedForwardNN.c:11:6:v_FloatSetParameters	8	static
fp32_FeedForwardNN.c:16:6:v_float_SetPtr	16	static
fp32_FeedForwardNN.c:31:6:v_DynamicAllocForwardProp	24	static
fp32_FeedForwardNN.c:49:6:v_DynamicAlloc_NeuronVar	24	static
fp32_FeedForwardNN.c:65:6:v_DynamicAllocBackProp	24	static
fp32_FeedForwardNN.c:91:6:v_MACForwardProp_FP32	152	static
fp32_FeedForwardNN.c:119:6:v_ReLUActiv_FP32	32	static
fp32_FeedForwardNN.c:134:6:v_LinearActiv_FP32	32	static
fp32_FeedForwardNN.c:148:6:v_ProcessForwardPropNN_FP32	40	static
fp32_FeedForwardNN.c:189:6:v_ProcessOutputError_FP32	40	static
fp32_FeedForwardNN.c:215:6:v_MACBackProp_FP32	144	static
fp32_FeedForwardNN.c:251:6:v_ProcessBackPropNN_FP32	40	static
fp32_FeedForwardNN.c:277:6:v_OptimizeWB_FP32	152	static
fp32_FeedForwardNN.c:312:7:f_MeasureLoss_FP32	40	static
fp32_FeedForwardNN.c:342:6:v_TrainNN_FP32	104	static
