int_FeedForwardNN.c:10:6:v_DynamicAlloc_quant	32	static
int_FeedForwardNN.c:40:6:v_FreeAlloc_quant	8	static
int_FeedForwardNN.c:57:6:v_SetQuantNetParameters	16	static
int_FeedForwardNN.c:64:6:v_DynamicAllocForwardProp_int	24	static
int_FeedForwardNN.c:84:6:v_MacForwardProp_int	232	static
int_FeedForwardNN.c:220:6:v_ReLUActiv_int	64	static
int_FeedForwardNN.c:337:6:v_LinearActiv_int	56	static
int_FeedForwardNN.c:428:6:v_QuantizeIntputs_int	40	static
int_FeedForwardNN.c:522:6:v_ProcessForwardPropNN_int	40	static
